Component: ARM Compiler 5.06 update 4 (build 422) Tool: armlink [4d35d2]

==============================================================================

Section Cross References

    system_stm32f10x.o(.text) refers to system_stm32f10x.o(.data) for SystemCoreClock
    startup_stm32f10x_md.o(STACK) refers (Special) to heapauxi.o(.text) for __use_two_region_memory
    startup_stm32f10x_md.o(HEAP) refers (Special) to heapauxi.o(.text) for __use_two_region_memory
    startup_stm32f10x_md.o(RESET) refers (Special) to heapauxi.o(.text) for __use_two_region_memory
    startup_stm32f10x_md.o(RESET) refers to startup_stm32f10x_md.o(STACK) for __initial_sp
    startup_stm32f10x_md.o(RESET) refers to startup_stm32f10x_md.o(.text) for Reset_Handler
    startup_stm32f10x_md.o(RESET) refers to stm32f10x_it.o(.text) for NMI_Handler
    startup_stm32f10x_md.o(.text) refers (Special) to heapauxi.o(.text) for __use_two_region_memory
    startup_stm32f10x_md.o(.text) refers to system_stm32f10x.o(.text) for SystemInit
    startup_stm32f10x_md.o(.text) refers to __main.o(!!!main) for __main
    startup_stm32f10x_md.o(.text) refers to startup_stm32f10x_md.o(HEAP) for Heap_Mem
    startup_stm32f10x_md.o(.text) refers to startup_stm32f10x_md.o(STACK) for Stack_Mem
    main.o(.text) refers to _printf_pad.o(.text) for _printf_pre_padding
    main.o(.text) refers to _printf_percent.o(.ARM.Collect$$_printf_percent$$00000000) for _printf_percent
    main.o(.text) refers to _printf_d.o(.ARM.Collect$$_printf_percent$$00000009) for _printf_d
    main.o(.text) refers to _printf_dec.o(.text) for _printf_int_dec
    main.o(.text) refers to _printf_f.o(.ARM.Collect$$_printf_percent$$00000003) for _printf_f
    main.o(.text) refers to printf1.o(x$fpl$printf1) for _printf_fp_dec
    main.o(.text) refers to stm32f10x_usart.o(.text) for USART_SendData
    main.o(.text) refers to stm32f10x_gpio.o(.text) for GPIO_ReadInputDataBit
    main.o(.text) refers to init.o(.text) for GPIO
    main.o(.text) refers to lcd.o(.text) for STM3210B_LCD_Init
    main.o(.text) refers to stm32f10x_adc.o(.text) for ADC_SoftwareStartConvCmd
    main.o(.text) refers to dflt_clz.o(x$fpl$dfltu) for __aeabi_ui2d
    main.o(.text) refers to dmul.o(x$fpl$dmul) for __aeabi_dmul
    main.o(.text) refers to ddiv.o(x$fpl$ddiv) for __aeabi_ddiv
    main.o(.text) refers to dfix.o(x$fpl$dfix) for __aeabi_d2iz
    main.o(.text) refers to noretval__2sprintf.o(.text) for __2sprintf
    main.o(.text) refers to i2c.o(.text) for I2CStart
    main.o(.text) refers to main.o(.data) for ledstate
    main.o(.text) refers to main.o(.bss) for ch
    main.o(.text) refers to system_stm32f10x.o(.data) for SystemCoreClock
    stm32f10x_usart.o(.text) refers to stm32f10x_rcc.o(.text) for RCC_APB2PeriphResetCmd
    stm32f10x_rcc.o(.text) refers to stm32f10x_rcc.o(.data) for APBAHBPrescTable
    stm32f10x_it.o(.text) refers to _printf_pad.o(.text) for _printf_pre_padding
    stm32f10x_it.o(.text) refers to _printf_percent.o(.ARM.Collect$$_printf_percent$$00000000) for _printf_percent
    stm32f10x_it.o(.text) refers to _printf_d.o(.ARM.Collect$$_printf_percent$$00000009) for _printf_d
    stm32f10x_it.o(.text) refers to _printf_dec.o(.text) for _printf_int_dec
    stm32f10x_it.o(.text) refers to _printf_f.o(.ARM.Collect$$_printf_percent$$00000003) for _printf_f
    stm32f10x_it.o(.text) refers to printf1.o(x$fpl$printf1) for _printf_fp_dec
    stm32f10x_it.o(.text) refers to stm32f10x_adc.o(.text) for ADC_SoftwareStartConvCmd
    stm32f10x_it.o(.text) refers to dflt_clz.o(x$fpl$dfltu) for __aeabi_ui2d
    stm32f10x_it.o(.text) refers to dmul.o(x$fpl$dmul) for __aeabi_dmul
    stm32f10x_it.o(.text) refers to ddiv.o(x$fpl$ddiv) for __aeabi_ddiv
    stm32f10x_it.o(.text) refers to dfix.o(x$fpl$dfix) for __aeabi_d2iz
    stm32f10x_it.o(.text) refers to noretval__2sprintf.o(.text) for __2sprintf
    stm32f10x_it.o(.text) refers to lcd.o(.text) for LCD_DisplayStringLine
    stm32f10x_it.o(.text) refers to main.o(.text) for send
    stm32f10x_it.o(.text) refers to stm32f10x_gpio.o(.text) for GPIO_ResetBits
    stm32f10x_it.o(.text) refers to stm32f10x_usart.o(.text) for USART_GetITStatus
    stm32f10x_it.o(.text) refers to stm32f10x_rtc.o(.text) for RTC_SetCounter
    stm32f10x_it.o(.text) refers to misc.o(.text) for NVIC_Init
    stm32f10x_it.o(.text) refers to stm32f10x_it.o(.data) for ms
    stm32f10x_it.o(.text) refers to main.o(.data) for adv
    stm32f10x_it.o(.text) refers to main.o(.bss) for ch
    stm32f10x_it.o(.text) refers to stm32f10x_it.o(.bss) for USARTbuff
    stm32f10x_it.o(.text) refers to stm32f10x_exti.o(.text) for EXTI_GetITStatus
    stm32f10x_i2c.o(.text) refers to stm32f10x_rcc.o(.text) for RCC_APB1PeriphResetCmd
    stm32f10x_gpio.o(.text) refers to stm32f10x_rcc.o(.text) for RCC_APB2PeriphResetCmd
    stm32f10x_adc.o(.text) refers to stm32f10x_rcc.o(.text) for RCC_APB2PeriphResetCmd
    stm32f10x_bkp.o(.text) refers to stm32f10x_rcc.o(.text) for RCC_BackupResetCmd
[...]
    libshutdown.o(.ARM.Collect$$libshutdown$$00000000) refers (Special) to libshutdown2.o(.ARM.Collect$$libshutdown$$00000010) for __rt_lib_shutdown_return
    libshutdown.o(.ARM.Collect$$libshutdown$$00000000) refers (Special) to libshutdown2.o(.ARM.Collect$$libshutdown$$0000000A) for __rt_lib_shutdown_signal_1
    libshutdown.o(.ARM.Collect$$libshutdown$$00000000) refers (Special) to libshutdown2.o(.ARM.Collect$$libshutdown$$00000004) for __rt_lib_shutdown_stdio_1
    libshutdown.o(.ARM.Collect$$libshutdown$$00000000) refers (Special) to libshutdown2.o(.ARM.Collect$$libshutdown$$0000000C) for __rt_lib_shutdown_user_alloc_1
    rt_raise.o(.text) refers to __raise.o(.text) for __raise
    rt_raise.o(.text) refers to sys_exit.o(.text) for _sys_exit
    defsig_exit.o(.text) refers to sys_exit.o(.text) for _sys_exit
    defsig_rtmem_inner.o(.text) refers to defsig_general.o(.text) for __default_signal_display
    __raise.o(.text) refers to defsig.o(CL$$defsig) for __default_signal_handler
    defsig_general.o(.text) refers to sys_wrch.o(.text) for _ttywrch
    sys_wrch.o(.text) refers (Special) to use_no_semi.o(.text) for __I$use$semihosting
    sys_wrch.o(.text) refers (Special) to indicate_semi.o(.text) for __semihosting_library_function
    defsig.o(CL$$defsig) refers to defsig_rtmem_inner.o(.text) for __rt_SIGRTMEM_inner
    defsig_abrt_inner.o(.text) refers to defsig_general.o(.text) for __default_signal_display
    defsig_fpe_inner.o(.text) refers to defsig_general.o(.text) for __default_signal_display
    defsig_rtred_inner.o(.text) refers to defsig_general.o(.text) for __default_signal_display
    defsig_stak_inner.o(.text) refers to defsig_general.o(.text) for __default_signal_display
    defsig_pvfn_inner.o(.text) refers to defsig_general.o(.text) for __default_signal_display
    defsig_cppl_inner.o(.text) refers to defsig_general.o(.text) for __default_signal_display
    defsig_segv_inner.o(.text) refers to defsig_general.o(.text) for __default_signal_display
    defsig_other.o(.text) refers to defsig_general.o(.text) for __default_signal_display


==============================================================================

Removing Unused input sections from the image.

    Removing core_cm3.o(.emb_text), (32 bytes).
    Removing stm32f10x_i2c.o(.text), (1028 bytes).

2 unused section(s) (total 1060 bytes) removed from the image.

==============================================================================

Image Symbol Table

    Local Symbols

    Symbol Name                              Value     Ov Type        Size  Object(Section)

    ../clib/angel/boardlib.s                 0x00000000   Number         0  boardshut.o ABSOLUTE
    ../clib/angel/boardlib.s                 0x00000000   Number         0  boardinit1.o ABSOLUTE
    ../clib/angel/boardlib.s                 0x00000000   Number         0  boardinit3.o ABSOLUTE
    ../clib/angel/boardlib.s                 0x00000000   Number         0  boardinit2.o ABSOLUTE
    ../clib/angel/handlers.s                 0x00000000   Number         0  __scatter_copy.o ABSOLUTE
    ../clib/angel/handlers.s                 0x00000000   Number         0  __scatter_zi.o ABSOLUTE
    ../clib/angel/kernel.s                   0x00000000   Number         0  __rtentry2.o ABSOLUTE
    ../clib/angel/kernel.s                   0x00000000   Number         0  rtexit.o ABSOLUTE
    ../clib/angel/kernel.s                   0x00000000   Number         0  __rtentry4.o ABSOLUTE
    ../clib/angel/kernel.s                   0x00000000   Number         0  rtexit2.o ABSOLUTE
    ../clib/angel/kernel.s                   0x00000000   Number         0  __rtentry.o ABSOLUTE
    ../clib/angel/rt.s                       0x00000000   Number         0  rt_raise.o ABSOLUTE
    ../clib/angel/rt.s                       0x00000000   Number         0  rt_locale.o ABSOLUTE
    ../clib/angel/rt.s                       0x00000000   Number         0  rt_locale_intlibspace.o ABSOLUTE
    ../clib/angel/scatter.s                  0x00000000   Number         0  __scatter.o ABSOLUTE
    ../clib/angel/startup.s                  0x00000000   Number         0  __main.o ABSOLUTE
    ../clib/angel/sys.s                      0x00000000   Number         0  libspace.o ABSOLUTE
    ../clib/angel/sys.s                      0x00000000   Number         0  sys_stackheap_outer.o ABSOLUTE
    ../clib/angel/sys.s                      0x00000000   Number         0  indicate_semi.o ABSOLUTE
    ../clib/angel/sys.s                      0x00000000   Number         0  use_no_semi.o ABSOLUTE
    ../clib/angel/sysapp.c                   0x00000000   Number         0  sys_wrch.o ABSOLUTE
    ../clib/angel/sysapp.c                   0x00000000   Number         0  sys_command.o ABSOLUTE
    ../clib/angel/sysapp.c                   0x00000000   Number         0  sys_exit.o ABSOLUTE
    ../clib/armsys.c                         0x00000000   Number         0  argv_veneer.o ABSOLUTE
    ../clib/armsys.c                         0x00000000   Number         0  argv_veneer.o ABSOLUTE
    ../clib/armsys.c                         0x00000000   Number         0  _get_argv_nomalloc.o ABSOLUTE
    ../clib/armsys.c                         0x00000000   Number         0  no_argv.o ABSOLUTE
    ../clib/bigflt.c                         0x00000000   Number         0  bigflt0.o ABSOLUTE
    ../clib/btod.s                           0x00000000   Number         0  btod.o ABSOLUTE
    ../clib/heapalloc.c                      0x00000000   Number         0  hrguard.o ABSOLUTE
    ../clib/heapaux.c                        0x00000000   Number         0  heapauxi.o ABSOLUTE
    ../clib/libinit.s                        0x00000000   Number         0  libshutdown.o ABSOLUTE
    ../clib/libinit.s                        0x00000000   Number         0  libinit.o ABSOLUTE
    ../clib/libinit.s                        0x00000000   Number         0  libinit2.o ABSOLUTE
    ../clib/libinit.s                        0x00000000   Number         0  libshutdown2.o ABSOLUTE
    ../clib/locale.s                         0x00000000   Number         0  lc_numeric_c.o ABSOLUTE
    ../clib/longlong.s                       0x00000000   Number         0  lludiv10.o ABSOLUTE
    ../clib/memcpset.s                       0x00000000   Number         0  strcmpv7m.o ABSOLUTE
    ../clib/misc.s                           0x00000000   Number         0  printf_stubs.o ABSOLUTE
    ../clib/printf.c                         0x00000000   Number         0  __printf_flags_ss_wp.o ABSOLUTE
    ../clib/printf.c                         0x00000000   Number         0  _printf_intcommon.o ABSOLUTE
    ../clib/printf.c                         0x00000000   Number         0  __printf_flags.o ABSOLUTE
    ../clib/printf.c                         0x00000000   Number         0  _printf_dec.o ABSOLUTE
    ../clib/printf.c                         0x00000000   Number         0  _printf_fp_dec.o ABSOLUTE
    ../clib/printf.c                         0x00000000   Number         0  __printf_ss.o ABSOLUTE
    ../clib/printf.c                         0x00000000   Number         0  __printf.o ABSOLUTE
    ../clib/printf.c                         0x00000000   Number         0  _printf_char_common.o ABSOLUTE
    ../clib/printf.c                         0x00000000   Number         0  __printf_flags_ss.o ABSOLUTE
    ../clib/printf.c                         0x00000000   Number         0  _printf_pad.o ABSOLUTE
    ../clib/printf.c                         0x00000000   Number         0  _sputc.o ABSOLUTE
    ../clib/printf.c                         0x00000000   Number         0  __printf_nopercent.o ABSOLUTE
    ../clib/printf.c                         0x00000000   Number         0  noretval__2sprintf.o ABSOLUTE
    ../clib/printf.c                         0x00000000   Number         0  __2sprintf.o ABSOLUTE
    ../clib/printf.c                         0x00000000   Number         0  __printf_wp.o ABSOLUTE
    ../clib/printf.c                         0x00000000   Number         0  __printf_flags_wp.o ABSOLUTE
    ../clib/printf.c                         0x00000000   Number         0  __printf_ss_wp.o ABSOLUTE
    ../clib/printf.c                         0x00000000   Number         0  _printf_fp_infnan.o ABSOLUTE
    ../clib/printf_percent.s                 0x00000000   Number         0  _printf_d.o ABSOLUTE
    ../clib/printf_percent.s                 0x00000000   Number         0  _printf_percent.o ABSOLUTE
    ../clib/printf_percent.s                 0x00000000   Number         0  _printf_percent_end.o ABSOLUTE
    ../clib/printf_percent.s                 0x00000000   Number         0  _printf_f.o ABSOLUTE
    ../clib/signal.c                         0x00000000   Number         0  defsig_rtmem_inner.o ABSOLUTE
    ../clib/signal.c                         0x00000000   Number         0  defsig_exit.o ABSOLUTE
    ../clib/signal.c                         0x00000000   Number         0  defsig_rtmem_formal.o ABSOLUTE
    ../clib/signal.c                         0x00000000   Number         0  defsig_rtmem_outer.o ABSOLUTE
    ../clib/signal.c                         0x00000000   Number         0  defsig_general.o ABSOLUTE
    ../clib/signal.c                         0x00000000   Number         0  defsig_other.o ABSOLUTE
    ../clib/signal.c                         0x00000000   Number         0  defsig_segv_inner.o ABSOLUTE
    ../clib/signal.c                         0x00000000   Number         0  defsig_cppl_inner.o ABSOLUTE
    ../clib/signal.c                         0x00000000   Number         0  defsig_pvfn_inner.o ABSOLUTE
    ../clib/signal.c                         0x00000000   Number         0  defsig_stak_inner.o ABSOLUTE
    ../clib/signal.c                         0x00000000   Number         0  defsig_rtred_inner.o ABSOLUTE
    ../clib/signal.c                         0x00000000   Number         0  defsig_fpe_inner.o ABSOLUTE
    ../clib/signal.c                         0x00000000   Number         0  defsig_abrt_inner.o ABSOLUTE
    ../clib/signal.c                         0x00000000   Number         0  __raise.o ABSOLUTE
    ../clib/signal.s                         0x00000000   Number         0  defsig.o ABSOLUTE
    ../clib/stdlib.c                         0x00000000   Number         0  exit.o ABSOLUTE
    ../fplib/ddiv.s                          0x00000000   Number         0  ddiv.o ABSOLUTE
    ../fplib/dfix.s                          0x00000000   Number         0  dfix.o ABSOLUTE
    ../fplib/dflt.s                          0x00000000   Number         0  dflt_clz.o ABSOLUTE
    ../fplib/dmul.s                          0x00000000   Number         0  dmul.o ABSOLUTE
    ../fplib/dnaninf.s                       0x00000000   Number         0  dnaninf.o ABSOLUTE
    ../fplib/dretinf.s                       0x00000000   Number         0  dretinf.o ABSOLUTE
    ../fplib/fpinit.s                        0x00000000   Number         0  fpinit.o ABSOLUTE
    ../fplib/istatus.s                       0x00000000   Number         0  istatus.o ABSOLUTE
    ../fplib/printf1.s                       0x00000000   Number         0  printf1.o ABSOLUTE
    ../fplib/usenofp.s                       0x00000000   Number         0  usenofp.o ABSOLUTE
    ../mathlib/fpclassify.c                  0x00000000   Number         0  fpclassify.o ABSOLUTE
    ..\Libraries\CMSIS\CM3\CoreSupport\core_cm3.c 0x00000000   Number         0  core_cm3.o ABSOLUTE
    ..\Libraries\CMSIS\CM3\DeviceSupport\ST\STM32F10x\startup\arm\startup_stm32f10x_md.s 0x00000000   Number         0  startup_stm32f10x_md.o ABSOLUTE
    ..\Libraries\CMSIS\CM3\DeviceSupport\ST\STM32F10x\system_stm32f10x.c 0x00000000   Number         0  system_stm32f10x.o ABSOLUTE
    ..\Libraries\STM32F10x_StdPeriph_Driver\src\misc.c 0x00000000   Number         0  misc.o ABSOLUTE
    ..\Libraries\STM32F10x_StdPeriph_Driver\src\stm32f10x_adc.c 0x00000000   Number         0  stm32f10x_adc.o ABSOLUTE
    ..\Libraries\STM32F10x_StdPeriph_Driver\src\stm32f10x_bkp.c 0x00000000   Number         0  stm32f10x_bkp.o ABSOLUTE
    ..\Libraries\STM32F10x_StdPeriph_Driver\src\stm32f10x_exti.c 0x00000000   Number         0  stm32f10x_exti.o ABSOLUTE
    ..\Libraries\STM32F10x_StdPeriph_Driver\src\stm32f10x_gpio.c 0x00000000   Number         0  stm32f10x_gpio.o ABSOLUTE
    ..\Libraries\STM32F10x_StdPeriph_Driver\src\stm32f10x_i2c.c 0x00000000   Number         0  stm32f10x_i2c.o ABSOLUTE
    ..\Libraries\STM32F10x_StdPeriph_Driver\src\stm32f10x_pwr.c 0x00000000   Number         0  stm32f10x_pwr.o ABSOLUTE
    ..\Libraries\STM32F10x_StdPeriph_Driver\src\stm32f10x_rcc.c 0x00000000   Number         0  stm32f10x_rcc.o ABSOLUTE
    ..\Libraries\STM32F10x_StdPeriph_Driver\src\stm32f10x_rtc.c 0x00000000   Number         0  stm32f10x_rtc.o ABSOLUTE
    ..\Libraries\STM32F10x_StdPeriph_Driver\src\stm32f10x_usart.c 0x00000000   Number         0  stm32f10x_usart.o ABSOLUTE
    ..\\Libraries\\CMSIS\\CM3\\CoreSupport\\core_cm3.c 0x00000000   Number         0  core_cm3.o ABSOLUTE
    ..\src\i2c.c                             0x00000000   Number         0  i2c.o ABSOLUTE
    ..\src\init.c                            0x00000000   Number         0  init.o ABSOLUTE
    ..\src\lcd.c                             0x00000000   Number         0  lcd.o ABSOLUTE
    ..\src\main.c                            0x00000000   Number         0  main.o ABSOLUTE
    ..\src\stm32f10x_it.c                    0x00000000   Number         0  stm32f10x_it.o ABSOLUTE
    dc.s                                     0x00000000   Number         0  dc.o ABSOLUTE
    RESET                                    0x08000000   Section      236  startup_stm32f10x_md.o(RESET)
    !!!main                                  0x080000ec   Section        8  __main.o(!!!main)
    !!!scatter                               0x080000f4   Section       52  __scatter.o(!!!scatter)
    !!handler_copy                           0x08000128   Section       26  __scatter_copy.o(!!handler_copy)
    !!handler_zi                             0x08000144   Section       28  __scatter_zi.o(!!handler_zi)
    .ARM.Collect$$_printf_percent$$00000000  0x08000160   Section        0  _printf_percent.o(.ARM.Collect$$_printf_percent$$00000000)
    .ARM.Collect$$_printf_percent$$00000003  0x08000160   Section        6  _printf_f.o(.ARM.Collect$$_printf_percent$$00000003)
    .ARM.Collect$$_printf_percent$$00000009  0x08000166   Section        6  _printf_d.o(.ARM.Collect$$_printf_percent$$00000009)
    .ARM.Collect$$_printf_percent$$00000017  0x0800016c   Section        4  _printf_percent_end.o(.ARM.Collect$$_printf_percent$$00000017)
    .ARM.Collect$$libinit$$00000000          0x08000170   Section        2  libinit.o(.ARM.Collect$$libinit$$00000000)
    .ARM.Collect$$libinit$$00000002          0x08000172   Section        0  libinit2.o(.ARM.Collect$$libinit$$00000002)
    .ARM.Collect$$libinit$$00000004          0x08000172   Section        0  libinit2.o(.ARM.Collect$$libinit$$00000004)
    .ARM.Collect$$libinit$$0000000A          0x08000172   Section        0  libinit2.o(.ARM.Collect$$libinit$$0000000A)
    .ARM.Collect$$libinit$$0000000C          0x08000172   Section        0  libinit2.o(.ARM.Collect$$libinit$$0000000C)
    .ARM.Collect$$libinit$$0000000E          0x08000172   Section        0  libinit2.o(.ARM.Collect$$libinit$$0000000E)
    .ARM.Collect$$libinit$$0000000F          0x08000172   Section        6  libinit2.o(.ARM.Collect$$libinit$$0000000F)
    .ARM.Collect$$libinit$$00000011          0x08000178   Section        0  libinit2.o(.ARM.Collect$$libinit$$00000011)
    .ARM.Collect$$libinit$$00000013          0x08000178   Section        0  libinit2.o(.ARM.Collect$$libinit$$00000013)
    .ARM.Collect$$libinit$$00000015          0x08000178   Section        0  libinit2.o(.ARM.Collect$$libinit$$00000015)
    .ARM.Collect$$libinit$$00000016          0x08000178   Section       10  libinit2.o(.ARM.Collect$$libinit$$00000016)
    .ARM.Collect$$libinit$$00000017          0x08000182   Section        0  libinit2.o(.ARM.Collect$$libinit$$00000017)
    .ARM.Collect$$libinit$$00000019          0x08000182   Section        0  libinit2.o(.ARM.Collect$$libinit$$00000019)
    .ARM.Collect$$libinit$$0000001B          0x08000182   Section        0  libinit2.o(.ARM.Collect$$libinit$$0000001B)
    .ARM.Collect$$libinit$$0000001D          0x08000182   Section        0  libinit2.o(.ARM.Collect$$libinit$$0000001D)
    .ARM.Collect$$libinit$$0000001F          0x08000182   Section        0  libinit2.o(.ARM.Collect$$libinit$$0000001F)
    .ARM.Collect$$libinit$$00000021          0x08000182   Section        0  libinit2.o(.ARM.Collect$$libinit$$00000021)
    .ARM.Collect$$libinit$$00000023          0x08000182   Section        0  libinit2.o(.ARM.Collect$$libinit$$00000023)
    .ARM.Collect$$libinit$$00000025          0x08000182   Section        0  libinit2.o(.ARM.Collect$$libinit$$00000025)
    .ARM.Collect$$libinit$$0000002C          0x08000182   Section        0  libinit2.o(.ARM.Collect$$libinit$$0000002C)
    .ARM.Collect$$libinit$$0000002E          0x08000182   Section        0  libinit2.o(.ARM.Collect$$libinit$$0000002E)
    .ARM.Collect$$libinit$$00000030          0x08000182   Section        0  libinit2.o(.ARM.Collect$$libinit$$00000030)
    .ARM.Collect$$libinit$$00000032          0x08000182   Section        0  libinit2.o(.ARM.Collect$$libinit$$00000032)
    .ARM.Collect$$libinit$$00000033          0x08000182   Section        2  libinit2.o(.ARM.Collect$$libinit$$00000033)
    .ARM.Collect$$libshutdown$$00000000      0x08000184   Section        2  libshutdown.o(.ARM.Collect$$libshutdown$$00000000)
    .ARM.Collect$$libshutdown$$00000002      0x08000186   Section        0  libshutdown2.o(.ARM.Collect$$libshutdown$$00000002)
    .ARM.Collect$$libshutdown$$00000004      0x08000186   Section        0  libshutdown2.o(.ARM.Collect$$libshutdown$$00000004)
    .ARM.Collect$$libshutdown$$00000007      0x08000186   Section        0  libshutdown2.o(.ARM.Collect$$libshutdown$$00000007)
    .ARM.Collect$$libshutdown$$0000000A      0x08000186   Section        0  libshutdown2.o(.ARM.Collect$$libshutdown$$0000000A)
    .ARM.Collect$$libshutdown$$0000000C      0x08000186   Section        0  libshutdown2.o(.ARM.Collect$$libshutdown$$0000000C)
    .ARM.Collect$$libshutdown$$0000000F      0x08000186   Section        0  libshutdown2.o(.ARM.Collect$$libshutdown$$0000000F)
    .ARM.Collect$$libshutdown$$00000010      0x08000186   Section        2  libshutdown2.o(.ARM.Collect$$libshutdown$$00000010)
    .ARM.Collect$$rtentry$$00000000          0x08000188   Section        0  __rtentry.o(.ARM.Collect$$rtentry$$00000000)
    .ARM.Collect$$rtentry$$00000002          0x08000188   Section        0  __rtentry2.o(.ARM.Collect$$rtentry$$00000002)
    .ARM.Collect$$rtentry$$00000004          0x08000188   Section        6  __rtentry4.o(.ARM.Collect$$rtentry$$00000004)
    .ARM.Collect$$rtentry$$00000009          0x0800018e   Section        0  __rtentry2.o(.ARM.Collect$$rtentry$$00000009)
    .ARM.Collect$$rtentry$$0000000A          0x0800018e   Section        4  __rtentry2.o(.ARM.Collect$$rtentry$$0000000A)
    .ARM.Collect$$rtentry$$0000000C          0x08000192   Section        0  __rtentry2.o(.ARM.Collect$$rtentry$$0000000C)
    .ARM.Collect$$rtentry$$0000000D          0x08000192   Section        8  __rtentry2.o(.ARM.Collect$$rtentry$$0000000D)
    .ARM.Collect$$rtexit$$00000000           0x0800019a   Section        2  rtexit.o(.ARM.Collect$$rtexit$$00000000)
    .ARM.Collect$$rtexit$$00000002           0x0800019c   Section        0  rtexit2.o(.ARM.Collect$$rtexit$$00000002)
    .ARM.Collect$$rtexit$$00000003           0x0800019c   Section        4  rtexit2.o(.ARM.Collect$$rtexit$$00000003)
    .ARM.Collect$$rtexit$$00000004           0x080001a0   Section        6  rtexit2.o(.ARM.Collect$$rtexit$$00000004)
    .text                                    0x080001a8   Section        0  system_stm32f10x.o(.text)
    SetSysClockTo72                          0x080001a9   Thumb Code   214  system_stm32f10x.o(.text)
    SetSysClock                              0x0800027f   Thumb Code     8  system_stm32f10x.o(.text)
    .text                                    0x08000388   Section       64  startup_stm32f10x_md.o(.text)
    .text                                    0x080003c8   Section        0  main.o(.text)
    .text                                    0x0800076c   Section        0  stm32f10x_usart.o(.text)
    .text                                    0x08000b74   Section        0  stm32f10x_rcc.o(.text)
    .text                                    0x08000f18   Section        0  stm32f10x_it.o(.text)
    .text                                    0x08001504   Section        0  misc.o(.text)
    .text                                    0x080015e0   Section        0  stm32f10x_gpio.o(.text)
    .text                                    0x0800193c   Section        0  stm32f10x_adc.o(.text)
    .text                                    0x08001d8c   Section        0  stm32f10x_rtc.o(.text)
    .text                                    0x08001ed4   Section        0  stm32f10x_bkp.o(.text)
    .text                                    0x08001f98   Section        0  stm32f10x_pwr.o(.text)
    .text                                    0x08002064   Section        0  stm32f10x_exti.o(.text)
    .text                                    0x08002180   Section        0  init.o(.text)
    .text                                    0x080023b8   Section        0  i2c.o(.text)
    .text                                    0x08002650   Section        0  lcd.o(.text)
    .text                                    0x080030d8   Section        0  noretval__2sprintf.o(.text)
    .text                                    0x08003100   Section        0  _printf_pad.o(.text)
    .text                                    0x08003150   Section        0  _printf_dec.o(.text)
    .text                                    0x080031c8   Section        0  __printf_flags_wp.o(.text)
    .text                                    0x08003300   Section        0  heapauxi.o(.text)
    .text                                    0x08003306   Section        0  _printf_intcommon.o(.text)
    .text                                    0x080033b8   Section        0  _printf_fp_dec.o(.text)
    _fp_digits                               0x080033bb   Thumb Code   428  _printf_fp_dec.o(.text)
    .text                                    0x080037d4   Section        0  _printf_char_common.o(.text)
    _printf_input_char                       0x080037d5   Thumb Code    10  _printf_char_common.o(.text)
    .text                                    0x08003804   Section        0  _sputc.o(.text)
    .text                                    0x08003810   Section        8  rt_locale_intlibspace.o(.text)
    .text                                    0x08003818   Section      138  lludiv10.o(.text)
    .text                                    0x080038a4   Section        0  _printf_fp_infnan.o(.text)
    .text                                    0x08003924   Section        0  bigflt0.o(.text)
    .text                                    0x08003a00   Section        8  libspace.o(.text)
    .text                                    0x08003a08   Section       74  sys_stackheap_outer.o(.text)
    .text                                    0x08003a52   Section        0  exit.o(.text)
    .text                                    0x08003a64   Section      128  strcmpv7m.o(.text)
    .text                                    0x08003ae4   Section        0  sys_exit.o(.text)
    .text                                    0x08003af0   Section        2  use_no_semi.o(.text)
    .text                                    0x08003af2   Section        0  indicate_semi.o(.text)
    CL$$btod_d2e                             0x08003af2   Section       62  btod.o(CL$$btod_d2e)
    CL$$btod_d2e_denorm_low                  0x08003b30   Section       70  btod.o(CL$$btod_d2e_denorm_low)
    CL$$btod_d2e_norm_op1                    0x08003b76   Section       96  btod.o(CL$$btod_d2e_norm_op1)
    CL$$btod_div_common                      0x08003bd6   Section      824  btod.o(CL$$btod_div_common)
    CL$$btod_e2e                             0x08003f0e   Section      198  btod.o(CL$$btod_e2e)
    CL$$btod_ediv                            0x08003fd4   Section       40  btod.o(CL$$btod_ediv)
    CL$$btod_emul                            0x08003ffc   Section       40  btod.o(CL$$btod_emul)
    CL$$btod_mult_common                     0x08004024   Section      580  btod.o(CL$$btod_mult_common)
    i.__ARM_fpclassify                       0x08004268   Section        0  fpclassify.o(i.__ARM_fpclassify)
    i._is_digit                              0x08004290   Section        0  __printf_wp.o(i._is_digit)
    locale$$code                             0x080042a0   Section       44  lc_numeric_c.o(locale$$code)
    x$fpl$ddiv                               0x080042cc   Section      688  ddiv.o(x$fpl$ddiv)
    ddiv_entry                               0x080042d3   Thumb Code     0  ddiv.o(x$fpl$ddiv)
    x$fpl$dfix                               0x0800457c   Section       94  dfix.o(x$fpl$dfix)
    x$fpl$dfltu                              0x080045da   Section       38  dflt_clz.o(x$fpl$dfltu)
    x$fpl$dmul                               0x08004600   Section      340  dmul.o(x$fpl$dmul)
    x$fpl$dnaninf                            0x08004754   Section      156  dnaninf.o(x$fpl$dnaninf)
    x$fpl$dretinf                            0x080047f0   Section       12  dretinf.o(x$fpl$dretinf)
    x$fpl$printf1                            0x080047fc   Section        4  printf1.o(x$fpl$printf1)
    .constdata                               0x08004800   Section     4560  lcd.o(.constdata)
    x$fpl$usenofp                            0x08004800   Section        0  usenofp.o(x$fpl$usenofp)
    .constdata                               0x080059d0   Section       17  __printf_flags_wp.o(.constdata)
    maptable                                 0x080059d0   Data          17  __printf_flags_wp.o(.constdata)
    .constdata                               0x080059e4   Section      148  bigflt0.o(.constdata)
    tenpwrs_x                                0x080059e4   Data          60  bigflt0.o(.constdata)
    tenpwrs_i                                0x08005a20   Data          64  bigflt0.o(.constdata)
    locale$$data                             0x08005a98   Section       28  lc_numeric_c.o(locale$$data)
    __lcnum_c_name                           0x08005a9c   Data           2  lc_numeric_c.o(locale$$data)
    __lcnum_c_start                          0x08005aa4   Data           0  lc_numeric_c.o(locale$$data)
    __lcnum_c_point                          0x08005ab0   Data           0  lc_numeric_c.o(locale$$data)
    __lcnum_c_thousands                      0x08005ab2   Data           0  lc_numeric_c.o(locale$$data)
    __lcnum_c_grouping                       0x08005ab3   Data           0  lc_numeric_c.o(locale$$data)
    __lcnum_c_end                            0x08005ab4   Data           0  lc_numeric_c.o(locale$$data)
    .data                                    0x20000000   Section       20  system_stm32f10x.o(.data)
    .data                                    0x20000018   Section       23  main.o(.data)
    .data                                    0x2000002f   Section       20  stm32f10x_rcc.o(.data)
    APBAHBPrescTable                         0x2000002f   Data          16  stm32f10x_rcc.o(.data)
    ADCPrescTable                            0x2000003f   Data           4  stm32f10x_rcc.o(.data)
    .data                                    0x20000044   Section       28  stm32f10x_it.o(.data)
    .data                                    0x20000060   Section       16  init.o(.data)
    .data                                    0x20000070   Section        6  lcd.o(.data)
    TextColor                                0x20000070   Data           2  lcd.o(.data)
    BackColor                                0x20000072   Data           2  lcd.o(.data)
    .bss                                     0x20000078   Section       20  main.o(.bss)
    .bss                                     0x2000008c   Section       50  stm32f10x_it.o(.bss)
    .bss                                     0x200000c0   Section       36  init.o(.bss)
    .bss                                     0x200000e4   Section       96  libspace.o(.bss)
    HEAP                                     0x20000148   Section      512  startup_stm32f10x_md.o(HEAP)
    Heap_Mem                                 0x20000148   Data         512  startup_stm32f10x_md.o(HEAP)
    STACK                                    0x20000348   Section     1024  startup_stm32f10x_md.o(STACK)
    Stack_Mem                                0x20000348   Data        1024  startup_stm32f10x_md.o(STACK)
    __initial_sp                             0x20000748   Data           0  startup_stm32f10x_md.o(STACK)

    Global Symbols

    Symbol Name                              Value     Ov Type        Size  Object(Section)

    BuildAttributes$$THM_ISAv4$P$D$K$B$S$PE$A:L22UL41UL21$X:L11$S22US41US21$IEEE1$IW$USESV6$~STKCKD$USESV7$~SHL$OTIME$ROPI$IEEEJ$EBA8$UX$STANDARDLIB$REQ8$PRES8$EABIv2 0x00000000   Number         0  anon$$obj.o ABSOLUTE
    __ARM_use_no_argv                        0x00000000   Number         0  main.o ABSOLUTE
    _printf_flags                            0x00000000   Number         0  printf_stubs.o ABSOLUTE
    _printf_return_value                     0x00000000   Number         0  printf_stubs.o ABSOLUTE
    _printf_sizespec                         0x00000000   Number         0  printf_stubs.o ABSOLUTE
    _printf_widthprec                        0x00000000   Number         0  printf_stubs.o ABSOLUTE
    __ARM_exceptions_init                     - Undefined Weak Reference
    __alloca_initialize                       - Undefined Weak Reference
    __arm_preinit_                            - Undefined Weak Reference
    __cpp_initialize__aeabi_                  - Undefined Weak Reference
    __cxa_finalize                            - Undefined Weak Reference
    __sigvec_lookup                           - Undefined Weak Reference
    _atexit_init                              - Undefined Weak Reference
    _call_atexit_fns                          - Undefined Weak Reference
    _clock_init                               - Undefined Weak Reference
    _fp_trap_init                             - Undefined Weak Reference
    _fp_trap_shutdown                         - Undefined Weak Reference
    _get_lc_collate                           - Undefined Weak Reference
    _get_lc_ctype                             - Undefined Weak Reference
    _get_lc_monetary                          - Undefined Weak Reference
    _get_lc_time                              - Undefined Weak Reference
    _getenv_init                              - Undefined Weak Reference
    _handle_redirection                       - Undefined Weak Reference
    _init_alloc                               - Undefined Weak Reference
    _init_user_alloc                          - Undefined Weak Reference
    _initio                                   - Undefined Weak Reference
    _printf_truncate_signed                   - Undefined Weak Reference
    _printf_truncate_unsigned                 - Undefined Weak Reference
    _rand_init                                - Undefined Weak Reference
    _signal_finish                            - Undefined Weak Reference
    _signal_init                              - Undefined Weak Reference
    _terminate_alloc                          - Undefined Weak Reference
    _terminate_user_alloc                     - Undefined Weak Reference
    _terminateio                              - Undefined Weak Reference
    __Vectors_Size                           0x000000ec   Number         0  startup_stm32f10x_md.o ABSOLUTE
    __Vectors                                0x08000000   Data           4  startup_stm32f10x_md.o(RESET)
    __Vectors_End                            0x080000ec   Data           0  startup_stm32f10x_md.o(RESET)
    __main                                   0x080000ed   Thumb Code     8  __main.o(!!!main)
    __scatterload                            0x080000f5   Thumb Code     0  __scatter.o(!!!scatter)
    __scatterload_rt2                        0x080000f5   Thumb Code    44  __scatter.o(!!!scatter)
    __scatterload_rt2_thumb_only             0x080000f5   Thumb Code     0  __scatter.o(!!!scatter)
    __scatterload_null                       0x08000103   Thumb Code     0  __scatter.o(!!!scatter)
    __scatterload_copy                       0x08000129   Thumb Code    26  __scatter_copy.o(!!handler_copy)
    __scatterload_zeroinit                   0x08000145   Thumb Code    28  __scatter_zi.o(!!handler_zi)
    _printf_f                                0x08000161   Thumb Code     0  _printf_f.o(.ARM.Collect$$_printf_percent$$00000003)
    _printf_percent                          0x08000161   Thumb Code     0  _printf_percent.o(.ARM.Collect$$_printf_percent$$00000000)
    _printf_d                                0x08000167   Thumb Code     0  _printf_d.o(.ARM.Collect$$_printf_percent$$00000009)
    _printf_percent_end                      0x0800016d   Thumb Code     0  _printf_percent_end.o(.ARM.Collect$$_printf_percent$$00000017)
    __rt_lib_init                            0x08000171   Thumb Code     0  libinit.o(.ARM.Collect$$libinit$$00000000)
    __rt_lib_init_fp_1                       0x08000173   Thumb Code     0  libinit2.o(.ARM.Collect$$libinit$$00000002)
    __rt_lib_init_heap_1                     0x08000173   Thumb Code     0  libinit2.o(.ARM.Collect$$libinit$$0000000A)
    __rt_lib_init_lc_common                  0x08000173   Thumb Code     0  libinit2.o(.ARM.Collect$$libinit$$0000000F)
    __rt_lib_init_preinit_1                  0x08000173   Thumb Code     0  libinit2.o(.ARM.Collect$$libinit$$00000004)
    __rt_lib_init_rand_1                     0x08000173   Thumb Code     0  libinit2.o(.ARM.Collect$$libinit$$0000000E)
    __rt_lib_init_user_alloc_1               0x08000173   Thumb Code     0  libinit2.o(.ARM.Collect$$libinit$$0000000C)
    __rt_lib_init_lc_collate_1               0x08000179   Thumb Code     0  libinit2.o(.ARM.Collect$$libinit$$00000011)
    __rt_lib_init_lc_ctype_1                 0x08000179   Thumb Code     0  libinit2.o(.ARM.Collect$$libinit$$00000013)
    __rt_lib_init_lc_monetary_1              0x08000179   Thumb Code     0  libinit2.o(.ARM.Collect$$libinit$$00000015)
    __rt_lib_init_lc_numeric_2               0x08000179   Thumb Code     0  libinit2.o(.ARM.Collect$$libinit$$00000016)
    __rt_lib_init_alloca_1                   0x08000183   Thumb Code     0  libinit2.o(.ARM.Collect$$libinit$$0000002E)
    __rt_lib_init_argv_1                     0x08000183   Thumb Code     0  libinit2.o(.ARM.Collect$$libinit$$0000002C)
    __rt_lib_init_atexit_1                   0x08000183   Thumb Code     0  libinit2.o(.ARM.Collect$$libinit$$0000001B)
    __rt_lib_init_clock_1                    0x08000183   Thumb Code     0  libinit2.o(.ARM.Collect$$libinit$$00000021)
    __rt_lib_init_cpp_1                      0x08000183   Thumb Code     0  libinit2.o(.ARM.Collect$$libinit$$00000032)
    __rt_lib_init_exceptions_1               0x08000183   Thumb Code     0  libinit2.o(.ARM.Collect$$libinit$$00000030)
    __rt_lib_init_fp_trap_1                  0x08000183   Thumb Code     0  libinit2.o(.ARM.Collect$$libinit$$0000001F)
    __rt_lib_init_getenv_1                   0x08000183   Thumb Code     0  libinit2.o(.ARM.Collect$$libinit$$00000023)
    __rt_lib_init_lc_numeric_1               0x08000183   Thumb Code     0  libinit2.o(.ARM.Collect$$libinit$$00000017)
    __rt_lib_init_lc_time_1                  0x08000183   Thumb Code     0  libinit2.o(.ARM.Collect$$libinit$$00000019)
    __rt_lib_init_return                     0x08000183   Thumb Code     0  libinit2.o(.ARM.Collect$$libinit$$00000033)
    __rt_lib_init_signal_1                   0x08000183   Thumb Code     0  libinit2.o(.ARM.Collect$$libinit$$0000001D)
    __rt_lib_init_stdio_1                    0x08000183   Thumb Code     0  libinit2.o(.ARM.Collect$$libinit$$00000025)
    __rt_lib_shutdown                        0x08000185   Thumb Code     0  libshutdown.o(.ARM.Collect$$libshutdown$$00000000)
    __rt_lib_shutdown_cpp_1                  0x08000187   Thumb Code     0  libshutdown2.o(.ARM.Collect$$libshutdown$$00000002)
    __rt_lib_shutdown_fp_trap_1              0x08000187   Thumb Code     0  libshutdown2.o(.ARM.Collect$$libshutdown$$00000007)
    __rt_lib_shutdown_heap_1                 0x08000187   Thumb Code     0  libshutdown2.o(.ARM.Collect$$libshutdown$$0000000F)
    __rt_lib_shutdown_return                 0x08000187   Thumb Code     0  libshutdown2.o(.ARM.Collect$$libshutdown$$00000010)
    __rt_lib_shutdown_signal_1               0x08000187   Thumb Code     0  libshutdown2.o(.ARM.Collect$$libshutdown$$0000000A)
    __rt_lib_shutdown_stdio_1                0x08000187   Thumb Code     0  libshutdown2.o(.ARM.Collect$$libshutdown$$00000004)
    __rt_lib_shutdown_user_alloc_1           0x08000187   Thumb Code     0  libshutdown2.o(.ARM.Collect$$libshutdown$$0000000C)
    __rt_entry                               0x08000189   Thumb Code     0  __rtentry.o(.ARM.Collect$$rtentry$$00000000)
    __rt_entry_presh_1                       0x08000189   Thumb Code     0  __rtentry2.o(.ARM.Collect$$rtentry$$00000002)
    __rt_entry_sh                            0x08000189   Thumb Code     0  __rtentry4.o(.ARM.Collect$$rtentry$$00000004)
    __rt_entry_li                            0x0800018f   Thumb Code     0  __rtentry2.o(.ARM.Collect$$rtentry$$0000000A)
    __rt_entry_postsh_1                      0x0800018f   Thumb Code     0  __rtentry2.o(.ARM.Collect$$rtentry$$00000009)
    __rt_entry_main                          0x08000193   Thumb Code     0  __rtentry2.o(.ARM.Collect$$rtentry$$0000000D)
    __rt_entry_postli_1                      0x08000193   Thumb Code     0  __rtentry2.o(.ARM.Collect$$rtentry$$0000000C)
    __rt_exit                                0x0800019b   Thumb Code     0  rtexit.o(.ARM.Collect$$rtexit$$00000000)
    __rt_exit_ls                             0x0800019d   Thumb Code     0  rtexit2.o(.ARM.Collect$$rtexit$$00000003)
    __rt_exit_prels_1                        0x0800019d   Thumb Code     0  rtexit2.o(.ARM.Collect$$rtexit$$00000002)
    __rt_exit_exit                           0x080001a1   Thumb Code     0  rtexit2.o(.ARM.Collect$$rtexit$$00000004)
    SystemInit                               0x08000287   Thumb Code    78  system_stm32f10x.o(.text)
    SystemCoreClockUpdate                    0x080002d5   Thumb Code   142  system_stm32f10x.o(.text)
    Reset_Handler                            0x08000389   Thumb Code     8  startup_stm32f10x_md.o(.text)
    ADC1_2_IRQHandler                        0x080003a3   Thumb Code     0  startup_stm32f10x_md.o(.text)
    CAN1_RX1_IRQHandler                      0x080003a3   Thumb Code     0  startup_stm32f10x_md.o(.text)
    CAN1_SCE_IRQHandler                      0x080003a3   Thumb Code     0  startup_stm32f10x_md.o(.text)
    DMA1_Channel1_IRQHandler                 0x080003a3   Thumb Code     0  startup_stm32f10x_md.o(.text)
    DMA1_Channel2_IRQHandler                 0x080003a3   Thumb Code     0  startup_stm32f10x_md.o(.text)
    DMA1_Channel3_IRQHandler                 0x080003a3   Thumb Code     0  startup_stm32f10x_md.o(.text)
    DMA1_Channel4_IRQHandler                 0x080003a3   Thumb Code     0  startup_stm32f10x_md.o(.text)
    DMA1_Channel5_IRQHandler                 0x080003a3   Thumb Code     0  startup_stm32f10x_md.o(.text)
    DMA1_Channel6_IRQHandler                 0x080003a3   Thumb Code     0  startup_stm32f10x_md.o(.text)
    DMA1_Channel7_IRQHandler                 0x080003a3   Thumb Code     0  startup_stm32f10x_md.o(.text)
    EXTI15_10_IRQHandler                     0x080003a3   Thumb Code     0  startup_stm32f10x_md.o(.text)
    EXTI1_IRQHandler                         0x080003a3   Thumb Code     0  startup_stm32f10x_md.o(.text)
    EXTI2_IRQHandler                         0x080003a3   Thumb Code     0  startup_stm32f10x_md.o(.text)
    EXTI3_IRQHandler                         0x080003a3   Thumb Code     0  startup_stm32f10x_md.o(.text)
    EXTI4_IRQHandler                         0x080003a3   Thumb Code     0  startup_stm32f10x_md.o(.text)
    FLASH_IRQHandler                         0x080003a3   Thumb Code     0  startup_stm32f10x_md.o(.text)
    I2C1_ER_IRQHandler                       0x080003a3   Thumb Code     0  startup_stm32f10x_md.o(.text)
    I2C1_EV_IRQHandler                       0x080003a3   Thumb Code     0  startup_stm32f10x_md.o(.text)
    I2C2_ER_IRQHandler                       0x080003a3   Thumb Code     0  startup_stm32f10x_md.o(.text)
    I2C2_EV_IRQHandler                       0x080003a3   Thumb Code     0  startup_stm32f10x_md.o(.text)
    PVD_IRQHandler                           0x080003a3   Thumb Code     0  startup_stm32f10x_md.o(.text)
    RCC_IRQHandler                           0x080003a3   Thumb Code     0  startup_stm32f10x_md.o(.text)
    RTCAlarm_IRQHandler                      0x080003a3   Thumb Code     0  startup_stm32f10x_md.o(.text)
    SPI1_IRQHandler                          0x080003a3   Thumb Code     0  startup_stm32f10x_md.o(.text)
    SPI2_IRQHandler                          0x080003a3   Thumb Code     0  startup_stm32f10x_md.o(.text)
    TAMPER_IRQHandler                        0x080003a3   Thumb Code     0  startup_stm32f10x_md.o(.text)
    TIM1_BRK_IRQHandler                      0x080003a3   Thumb Code     0  startup_stm32f10x_md.o(.text)
    TIM1_CC_IRQHandler                       0x080003a3   Thumb Code     0  startup_stm32f10x_md.o(.text)
    TIM1_TRG_COM_IRQHandler                  0x080003a3   Thumb Code     0  startup_stm32f10x_md.o(.text)
    TIM1_UP_IRQHandler                       0x080003a3   Thumb Code     0  startup_stm32f10x_md.o(.text)
    TIM2_IRQHandler                          0x080003a3   Thumb Code     0  startup_stm32f10x_md.o(.text)
    TIM3_IRQHandler                          0x080003a3   Thumb Code     0  startup_stm32f10x_md.o(.text)
    TIM4_IRQHandler                          0x080003a3   Thumb Code     0  startup_stm32f10x_md.o(.text)
    USART1_IRQHandler                        0x080003a3   Thumb Code     0  startup_stm32f10x_md.o(.text)
    USART3_IRQHandler                        0x080003a3   Thumb Code     0  startup_stm32f10x_md.o(.text)
    USBWakeUp_IRQHandler                     0x080003a3   Thumb Code     0  startup_stm32f10x_md.o(.text)
    USB_HP_CAN1_TX_IRQHandler                0x080003a3   Thumb Code     0  startup_stm32f10x_md.o(.text)
    USB_LP_CAN1_RX0_IRQHandler               0x080003a3   Thumb Code     0  startup_stm32f10x_md.o(.text)
    WWDG_IRQHandler                          0x080003a3   Thumb Code     0  startup_stm32f10x_md.o(.text)
    __user_initial_stackheap                 0x080003a5   Thumb Code     0  startup_stm32f10x_md.o(.text)
    send                                     0x080003c9   Thumb Code    62  main.o(.text)
    ledclose                                 0x08000407   Thumb Code    28  main.o(.text)
    key                                      0x08000423   Thumb Code   114  main.o(.text)
    main                                     0x08000495   Thumb Code   398  main.o(.text)
    Delay_Ms                                 0x08000623   Thumb Code    16  main.o(.text)
    eepred                                   0x08000633   Thumb Code    60  main.o(.text)
    eepwri                                   0x0800066f   Thumb Code    46  main.o(.text)
    USART_DeInit                             0x0800076d   Thumb Code   134  stm32f10x_usart.o(.text)
    USART_Init                               0x080007f3   Thumb Code   210  stm32f10x_usart.o(.text)
    USART_StructInit                         0x080008c5   Thumb Code    24  stm32f10x_usart.o(.text)
    USART_ClockInit                          0x080008dd   Thumb Code    34  stm32f10x_usart.o(.text)
    USART_ClockStructInit                    0x080008ff   Thumb Code    12  stm32f10x_usart.o(.text)
    USART_Cmd                                0x0800090b   Thumb Code    24  stm32f10x_usart.o(.text)
    USART_ITConfig                           0x08000923   Thumb Code    74  stm32f10x_usart.o(.text)
    USART_DMACmd                             0x0800096d   Thumb Code    18  stm32f10x_usart.o(.text)
    USART_SetAddress                         0x0800097f   Thumb Code    18  stm32f10x_usart.o(.text)
    USART_WakeUpConfig                       0x08000991   Thumb Code    18  stm32f10x_usart.o(.text)
    USART_ReceiverWakeUpCmd                  0x080009a3   Thumb Code    24  stm32f10x_usart.o(.text)
    USART_LINBreakDetectLengthConfig         0x080009bb   Thumb Code    18  stm32f10x_usart.o(.text)
    USART_LINCmd                             0x080009cd   Thumb Code    24  stm32f10x_usart.o(.text)
    USART_SendData                           0x080009e5   Thumb Code     8  stm32f10x_usart.o(.text)
    USART_ReceiveData                        0x080009ed   Thumb Code    10  stm32f10x_usart.o(.text)
    USART_SendBreak                          0x080009f7   Thumb Code    10  stm32f10x_usart.o(.text)
    USART_SetGuardTime                       0x08000a01   Thumb Code    16  stm32f10x_usart.o(.text)
    USART_SetPrescaler                       0x08000a11   Thumb Code    16  stm32f10x_usart.o(.text)
    USART_SmartCardCmd                       0x08000a21   Thumb Code    24  stm32f10x_usart.o(.text)
    USART_SmartCardNACKCmd                   0x08000a39   Thumb Code    24  stm32f10x_usart.o(.text)
    USART_HalfDuplexCmd                      0x08000a51   Thumb Code    24  stm32f10x_usart.o(.text)
    USART_OverSampling8Cmd                   0x08000a69   Thumb Code    22  stm32f10x_usart.o(.text)
    USART_OneBitMethodCmd                    0x08000a7f   Thumb Code    24  stm32f10x_usart.o(.text)
    USART_IrDAConfig                         0x08000a97   Thumb Code    18  stm32f10x_usart.o(.text)
    USART_IrDACmd                            0x08000aa9   Thumb Code    24  stm32f10x_usart.o(.text)
    USART_GetFlagStatus                      0x08000ac1   Thumb Code    26  stm32f10x_usart.o(.text)
    USART_ClearFlag                          0x08000adb   Thumb Code    18  stm32f10x_usart.o(.text)
    USART_GetITStatus                        0x08000aed   Thumb Code    84  stm32f10x_usart.o(.text)
    USART_ClearITPendingBit                  0x08000b41   Thumb Code    52  stm32f10x_usart.o(.text)
    RCC_DeInit                               0x08000b75   Thumb Code    64  stm32f10x_rcc.o(.text)
    RCC_HSEConfig                            0x08000bb5   Thumb Code    70  stm32f10x_rcc.o(.text)
    RCC_GetFlagStatus                        0x08000bfb   Thumb Code    56  stm32f10x_rcc.o(.text)
    RCC_WaitForHSEStartUp                    0x08000c33   Thumb Code    56  stm32f10x_rcc.o(.text)
    RCC_AdjustHSICalibrationValue            0x08000c6b   Thumb Code    20  stm32f10x_rcc.o(.text)
    RCC_HSICmd                               0x08000c7f   Thumb Code     6  stm32f10x_rcc.o(.text)
    RCC_PLLConfig                            0x08000c85   Thumb Code    24  stm32f10x_rcc.o(.text)
    RCC_PLLCmd                               0x08000c9d   Thumb Code     6  stm32f10x_rcc.o(.text)
    RCC_SYSCLKConfig                         0x08000ca3   Thumb Code    18  stm32f10x_rcc.o(.text)
    RCC_GetSYSCLKSource                      0x08000cb5   Thumb Code    10  stm32f10x_rcc.o(.text)
    RCC_HCLKConfig                           0x08000cbf   Thumb Code    18  stm32f10x_rcc.o(.text)
    RCC_PCLK1Config                          0x08000cd1   Thumb Code    18  stm32f10x_rcc.o(.text)
    RCC_PCLK2Config                          0x08000ce3   Thumb Code    20  stm32f10x_rcc.o(.text)
    RCC_ITConfig                             0x08000cf7   Thumb Code    26  stm32f10x_rcc.o(.text)
    RCC_USBCLKConfig                         0x08000d11   Thumb Code     8  stm32f10x_rcc.o(.text)
    RCC_ADCCLKConfig                         0x08000d19   Thumb Code    18  stm32f10x_rcc.o(.text)
    RCC_LSEConfig                            0x08000d2b   Thumb Code    50  stm32f10x_rcc.o(.text)
    RCC_LSICmd                               0x08000d5d   Thumb Code     6  stm32f10x_rcc.o(.text)
    RCC_RTCCLKConfig                         0x08000d63   Thumb Code    12  stm32f10x_rcc.o(.text)
    RCC_RTCCLKCmd                            0x08000d6f   Thumb Code     8  stm32f10x_rcc.o(.text)
    RCC_GetClocksFreq                        0x08000d77   Thumb Code   192  stm32f10x_rcc.o(.text)
    RCC_AHBPeriphClockCmd                    0x08000e37   Thumb Code    26  stm32f10x_rcc.o(.text)
    RCC_APB2PeriphClockCmd                   0x08000e51   Thumb Code    26  stm32f10x_rcc.o(.text)
    RCC_APB1PeriphClockCmd                   0x08000e6b   Thumb Code    26  stm32f10x_rcc.o(.text)
    RCC_APB2PeriphResetCmd                   0x08000e85   Thumb Code    26  stm32f10x_rcc.o(.text)
    RCC_APB1PeriphResetCmd                   0x08000e9f   Thumb Code    26  stm32f10x_rcc.o(.text)
    RCC_BackupResetCmd                       0x08000eb9   Thumb Code     8  stm32f10x_rcc.o(.text)
    RCC_ClockSecuritySystemCmd               0x08000ec1   Thumb Code     6  stm32f10x_rcc.o(.text)
    RCC_MCOConfig                            0x08000ec7   Thumb Code     6  stm32f10x_rcc.o(.text)
    RCC_ClearFlag                            0x08000ecd   Thumb Code    14  stm32f10x_rcc.o(.text)
    RCC_GetITStatus                          0x08000edb   Thumb Code    20  stm32f10x_rcc.o(.text)
    RCC_ClearITPendingBit                    0x08000eef   Thumb Code     6  stm32f10x_rcc.o(.text)
    NMI_Handler                              0x08000f19   Thumb Code     2  stm32f10x_it.o(.text)
    HardFault_Handler                        0x08000f1b   Thumb Code     4  stm32f10x_it.o(.text)
    MemManage_Handler                        0x08000f1f   Thumb Code     4  stm32f10x_it.o(.text)
    BusFault_Handler                         0x08000f23   Thumb Code     4  stm32f10x_it.o(.text)
    UsageFault_Handler                       0x08000f27   Thumb Code     4  stm32f10x_it.o(.text)
    DebugMon_Handler                         0x08000f2b   Thumb Code     2  stm32f10x_it.o(.text)
    SVC_Handler                              0x08000f2d   Thumb Code     2  stm32f10x_it.o(.text)
    PendSV_Handler                           0x08000f2f   Thumb Code     2  stm32f10x_it.o(.text)
    SysTick_Handler                          0x08000f31   Thumb Code   288  stm32f10x_it.o(.text)
    USART2_IRQHandler                        0x08001051   Thumb Code   614  stm32f10x_it.o(.text)
    RTC_IRQHandler                           0x080012b7   Thumb Code   388  stm32f10x_it.o(.text)
    EXTI0_IRQHandler                         0x0800143b   Thumb Code    54  stm32f10x_it.o(.text)
    EXTI9_5_IRQHandler                       0x08001471   Thumb Code    58  stm32f10x_it.o(.text)
    NVIC_PriorityGroupConfig                 0x08001505   Thumb Code    10  misc.o(.text)
    NVIC_Init                                0x0800150f   Thumb Code   100  misc.o(.text)
    NVIC_SetVectorTable                      0x08001573   Thumb Code    14  misc.o(.text)
    NVIC_SystemLPConfig                      0x08001581   Thumb Code    34  misc.o(.text)
    SysTick_CLKSourceConfig                  0x080015a3   Thumb Code    40  misc.o(.text)
    GPIO_DeInit                              0x080015e1   Thumb Code   172  stm32f10x_gpio.o(.text)
    GPIO_AFIODeInit                          0x0800168d   Thumb Code    20  stm32f10x_gpio.o(.text)
    GPIO_Init                                0x080016a1   Thumb Code   278  stm32f10x_gpio.o(.text)
    GPIO_StructInit                          0x080017b7   Thumb Code    16  stm32f10x_gpio.o(.text)
    GPIO_ReadInputDataBit                    0x080017c7   Thumb Code    18  stm32f10x_gpio.o(.text)
    GPIO_ReadInputData                       0x080017d9   Thumb Code     8  stm32f10x_gpio.o(.text)
    GPIO_ReadOutputDataBit                   0x080017e1   Thumb Code    18  stm32f10x_gpio.o(.text)
    GPIO_ReadOutputData                      0x080017f3   Thumb Code     8  stm32f10x_gpio.o(.text)
    GPIO_SetBits                             0x080017fb   Thumb Code     4  stm32f10x_gpio.o(.text)
    GPIO_ResetBits                           0x080017ff   Thumb Code     4  stm32f10x_gpio.o(.text)
    GPIO_WriteBit                            0x08001803   Thumb Code    10  stm32f10x_gpio.o(.text)
    GPIO_Write                               0x0800180d   Thumb Code     4  stm32f10x_gpio.o(.text)
    GPIO_PinLockConfig                       0x08001811   Thumb Code    18  stm32f10x_gpio.o(.text)
    GPIO_EventOutputConfig                   0x08001823   Thumb Code    26  stm32f10x_gpio.o(.text)
    GPIO_EventOutputCmd                      0x0800183d   Thumb Code     6  stm32f10x_gpio.o(.text)
    GPIO_PinRemapConfig                      0x08001843   Thumb Code   138  stm32f10x_gpio.o(.text)
    GPIO_EXTILineConfig                      0x080018cd   Thumb Code    66  stm32f10x_gpio.o(.text)
    GPIO_ETH_MediaInterfaceConfig            0x0800190f   Thumb Code     8  stm32f10x_gpio.o(.text)
    ADC_DeInit                               0x0800193d   Thumb Code    78  stm32f10x_adc.o(.text)
    ADC_Init                                 0x0800198b   Thumb Code    70  stm32f10x_adc.o(.text)
    ADC_StructInit                           0x080019d1   Thumb Code    18  stm32f10x_adc.o(.text)
    ADC_Cmd                                  0x080019e3   Thumb Code    22  stm32f10x_adc.o(.text)
    ADC_DMACmd                               0x080019f9   Thumb Code    22  stm32f10x_adc.o(.text)
    ADC_ITConfig                             0x08001a0f   Thumb Code    24  stm32f10x_adc.o(.text)
    ADC_ResetCalibration                     0x08001a27   Thumb Code    10  stm32f10x_adc.o(.text)
    ADC_GetResetCalibrationStatus            0x08001a31   Thumb Code    20  stm32f10x_adc.o(.text)
    ADC_StartCalibration                     0x08001a45   Thumb Code    10  stm32f10x_adc.o(.text)
    ADC_GetCalibrationStatus                 0x08001a4f   Thumb Code    20  stm32f10x_adc.o(.text)
    ADC_SoftwareStartConvCmd                 0x08001a63   Thumb Code    22  stm32f10x_adc.o(.text)
    ADC_GetSoftwareStartConvStatus           0x08001a79   Thumb Code    20  stm32f10x_adc.o(.text)
    ADC_DiscModeChannelCountConfig           0x08001a8d   Thumb Code    24  stm32f10x_adc.o(.text)
    ADC_DiscModeCmd                          0x08001aa5   Thumb Code    22  stm32f10x_adc.o(.text)
    ADC_RegularChannelConfig                 0x08001abb   Thumb Code   184  stm32f10x_adc.o(.text)
    ADC_ExternalTrigConvCmd                  0x08001b73   Thumb Code    22  stm32f10x_adc.o(.text)
    ADC_GetConversionValue                   0x08001b89   Thumb Code     8  stm32f10x_adc.o(.text)
    ADC_GetDualModeConversionValue           0x08001b91   Thumb Code     8  stm32f10x_adc.o(.text)
    ADC_AutoInjectedConvCmd                  0x08001b99   Thumb Code    22  stm32f10x_adc.o(.text)
    ADC_InjectedDiscModeCmd                  0x08001baf   Thumb Code    22  stm32f10x_adc.o(.text)
    ADC_ExternalTrigInjectedConvConfig       0x08001bc5   Thumb Code    16  stm32f10x_adc.o(.text)
    ADC_ExternalTrigInjectedConvCmd          0x08001bd5   Thumb Code    22  stm32f10x_adc.o(.text)
    ADC_SoftwareStartInjectedConvCmd         0x08001beb   Thumb Code    22  stm32f10x_adc.o(.text)
    ADC_GetSoftwareStartInjectedConvCmdStatus 0x08001c01   Thumb Code    20  stm32f10x_adc.o(.text)
    ADC_InjectedChannelConfig                0x08001c15   Thumb Code   130  stm32f10x_adc.o(.text)
    ADC_InjectedSequencerLengthConfig        0x08001c97   Thumb Code    24  stm32f10x_adc.o(.text)
    ADC_SetInjectedOffset                    0x08001caf   Thumb Code    20  stm32f10x_adc.o(.text)
    ADC_GetInjectedConversionValue           0x08001cc3   Thumb Code    28  stm32f10x_adc.o(.text)
    ADC_AnalogWatchdogCmd                    0x08001cdf   Thumb Code    16  stm32f10x_adc.o(.text)
    ADC_AnalogWatchdogThresholdsConfig       0x08001cef   Thumb Code     6  stm32f10x_adc.o(.text)
    ADC_AnalogWatchdogSingleChannelConfig    0x08001cf5   Thumb Code    16  stm32f10x_adc.o(.text)
    ADC_TempSensorVrefintCmd                 0x08001d05   Thumb Code    64  stm32f10x_adc.o(.text)
    ADC_GetFlagStatus                        0x08001d45   Thumb Code    18  stm32f10x_adc.o(.text)
    ADC_ClearFlag                            0x08001d57   Thumb Code     6  stm32f10x_adc.o(.text)
    ADC_GetITStatus                          0x08001d5d   Thumb Code    36  stm32f10x_adc.o(.text)
    ADC_ClearITPendingBit                    0x08001d81   Thumb Code    10  stm32f10x_adc.o(.text)
    RTC_ITConfig                             0x08001d8d   Thumb Code    26  stm32f10x_rtc.o(.text)
    RTC_EnterConfigMode                      0x08001da7   Thumb Code    18  stm32f10x_rtc.o(.text)
    RTC_ExitConfigMode                       0x08001db9   Thumb Code    20  stm32f10x_rtc.o(.text)
    RTC_GetCounter                           0x08001dcd   Thumb Code    18  stm32f10x_rtc.o(.text)
    RTC_SetCounter                           0x08001ddf   Thumb Code    26  stm32f10x_rtc.o(.text)
    RTC_SetPrescaler                         0x08001df9   Thumb Code    28  stm32f10x_rtc.o(.text)
    RTC_SetAlarm                             0x08001e15   Thumb Code    26  stm32f10x_rtc.o(.text)
    RTC_GetDivider                           0x08001e2f   Thumb Code    22  stm32f10x_rtc.o(.text)
    RTC_WaitForLastTask                      0x08001e45   Thumb Code    18  stm32f10x_rtc.o(.text)
    RTC_WaitForSynchro                       0x08001e57   Thumb Code    36  stm32f10x_rtc.o(.text)
    RTC_GetFlagStatus                        0x08001e7b   Thumb Code    22  stm32f10x_rtc.o(.text)
    RTC_ClearFlag                            0x08001e91   Thumb Code    16  stm32f10x_rtc.o(.text)
    RTC_GetITStatus                          0x08001ea1   Thumb Code    32  stm32f10x_rtc.o(.text)
    RTC_ClearITPendingBit                    0x08001ec1   Thumb Code    16  stm32f10x_rtc.o(.text)
    BKP_DeInit                               0x08001ed5   Thumb Code    16  stm32f10x_bkp.o(.text)
    BKP_TamperPinLevelConfig                 0x08001ee5   Thumb Code     6  stm32f10x_bkp.o(.text)
    BKP_TamperPinCmd                         0x08001eeb   Thumb Code     8  stm32f10x_bkp.o(.text)
    BKP_ITConfig                             0x08001ef3   Thumb Code     8  stm32f10x_bkp.o(.text)
    BKP_RTCOutputConfig                      0x08001efb   Thumb Code    22  stm32f10x_bkp.o(.text)
    BKP_SetRTCCalibrationValue               0x08001f11   Thumb Code    22  stm32f10x_bkp.o(.text)
    BKP_WriteBackupRegister                  0x08001f27   Thumb Code    24  stm32f10x_bkp.o(.text)
    BKP_ReadBackupRegister                   0x08001f3f   Thumb Code    26  stm32f10x_bkp.o(.text)
    BKP_GetFlagStatus                        0x08001f59   Thumb Code    10  stm32f10x_bkp.o(.text)
    BKP_ClearFlag                            0x08001f63   Thumb Code    18  stm32f10x_bkp.o(.text)
    BKP_GetITStatus                          0x08001f75   Thumb Code    10  stm32f10x_bkp.o(.text)
    BKP_ClearITPendingBit                    0x08001f7f   Thumb Code    18  stm32f10x_bkp.o(.text)
    PWR_DeInit                               0x08001f99   Thumb Code    22  stm32f10x_pwr.o(.text)
    PWR_BackupAccessCmd                      0x08001faf   Thumb Code     6  stm32f10x_pwr.o(.text)
    PWR_PVDCmd                               0x08001fb5   Thumb Code     6  stm32f10x_pwr.o(.text)
    PWR_PVDLevelConfig                       0x08001fbb   Thumb Code    18  stm32f10x_pwr.o(.text)
    PWR_WakeUpPinCmd                         0x08001fcd   Thumb Code     8  stm32f10x_pwr.o(.text)
    PWR_EnterSTOPMode                        0x08001fd5   Thumb Code    54  stm32f10x_pwr.o(.text)
    PWR_EnterSTANDBYMode                     0x0800200b   Thumb Code    42  stm32f10x_pwr.o(.text)
    PWR_GetFlagStatus                        0x08002035   Thumb Code    20  stm32f10x_pwr.o(.text)
    PWR_ClearFlag                            0x08002049   Thumb Code    14  stm32f10x_pwr.o(.text)
    EXTI_DeInit                              0x08002065   Thumb Code    28  stm32f10x_exti.o(.text)
    EXTI_Init                                0x08002081   Thumb Code   142  stm32f10x_exti.o(.text)
    EXTI_StructInit                          0x0800210f   Thumb Code    16  stm32f10x_exti.o(.text)
    EXTI_GenerateSWInterrupt                 0x0800211f   Thumb Code    16  stm32f10x_exti.o(.text)
    EXTI_GetFlagStatus                       0x0800212f   Thumb Code    22  stm32f10x_exti.o(.text)
    EXTI_ClearFlag                           0x08002145   Thumb Code     8  stm32f10x_exti.o(.text)
    EXTI_GetITStatus                         0x0800214d   Thumb Code    34  stm32f10x_exti.o(.text)
    EXTI_ClearITPendingBit                   0x0800216f   Thumb Code     8  stm32f10x_exti.o(.text)
    ADC                                      0x08002181   Thumb Code   124  init.o(.text)
    GPIO                                     0x080021fd   Thumb Code   178  init.o(.text)
    USART                                    0x080022af   Thumb Code   126  init.o(.text)
    RTCinit                                  0x0800232d   Thumb Code    88  init.o(.text)
    SDA_Input_Mode                           0x080023b9   Thumb Code    30  i2c.o(.text)
    SDA_Output_Mode                          0x080023d7   Thumb Code    30  i2c.o(.text)
    SDA_Output                               0x080023f5   Thumb Code    26  i2c.o(.text)
    SCL_Output                               0x0800240f   Thumb Code    26  i2c.o(.text)
    SDA_Input                                0x08002429   Thumb Code    12  i2c.o(.text)
    delay1                                   0x08002435   Thumb Code    12  i2c.o(.text)
    I2CStart                                 0x08002441   Thumb Code    60  i2c.o(.text)
    I2CStop                                  0x0800247d   Thumb Code    60  i2c.o(.text)
    I2CWaitAck                               0x080024b9   Thumb Code    88  i2c.o(.text)
    I2CSendAck                               0x08002511   Thumb Code    54  i2c.o(.text)
    I2CSendNotAck                            0x08002547   Thumb Code    46  i2c.o(.text)
    I2CSendByte                              0x08002575   Thumb Code    88  i2c.o(.text)
    I2CReceiveByte                           0x080025cd   Thumb Code    88  i2c.o(.text)
    i2c_init                                 0x08002625   Thumb Code    38  i2c.o(.text)
    Delay_LCD                                0x08002651   Thumb Code    30  lcd.o(.text)
    LCD_WriteReg                             0x0800266f   Thumb Code    56  lcd.o(.text)
    REG_8230_Init                            0x080026a7   Thumb Code   288  lcd.o(.text)
    REG_932X_Init                            0x080027c7   Thumb Code   514  lcd.o(.text)
    LCD_BusOut                               0x080029c9   Thumb Code    32  lcd.o(.text)
    LCD_BusIn                                0x080029e9   Thumb Code    32  lcd.o(.text)
    LCD_ReadReg                              0x08002a09   Thumb Code    92  lcd.o(.text)
    LCD_CtrlLinesConfig                      0x08002a65   Thumb Code    68  lcd.o(.text)
    STM3210B_LCD_Init                        0x08002aa9   Thumb Code    50  lcd.o(.text)
    LCD_SetTextColor                         0x08002adb   Thumb Code    12  lcd.o(.text)
    LCD_SetBackColor                         0x08002ae7   Thumb Code    12  lcd.o(.text)
    LCD_SetCursor                            0x08002af3   Thumb Code    24  lcd.o(.text)
    LCD_WriteRAM                             0x08002b0b   Thumb Code    44  lcd.o(.text)
    LCD_WriteRAM_Prepare                     0x08002b37   Thumb Code    48  lcd.o(.text)
    LCD_DrawChar                             0x08002b67   Thumb Code   100  lcd.o(.text)
    LCD_DisplayChar                          0x08002bcb   Thumb Code    34  lcd.o(.text)
    LCD_DisplayStringLine                    0x08002bed   Thumb Code    44  lcd.o(.text)
    LCD_ClearLine                            0x08002c19   Thumb Code    14  lcd.o(.text)
    LCD_Clear                                0x08002c27   Thumb Code    38  lcd.o(.text)
    LCD_SetDisplayWindow                     0x08002c4d   Thumb Code    88  lcd.o(.text)
    LCD_WindowModeDisable                    0x08002ca5   Thumb Code    28  lcd.o(.text)
    LCD_DrawLine                             0x08002cc1   Thumb Code    86  lcd.o(.text)
    LCD_DrawRect                             0x08002d17   Thumb Code    66  lcd.o(.text)
    LCD_DrawCircle                           0x08002d59   Thumb Code   252  lcd.o(.text)
    LCD_DrawMonoPict                         0x08002e55   Thumb Code   126  lcd.o(.text)
    LCD_WriteBMP                             0x08002ed3   Thumb Code    74  lcd.o(.text)
    LCD_ReadRAM                              0x08002f1d   Thumb Code    82  lcd.o(.text)
    LCD_PowerOn                              0x08002f6f   Thumb Code   118  lcd.o(.text)
    LCD_DisplayOn                            0x08002fe5   Thumb Code    14  lcd.o(.text)
    LCD_DisplayOff                           0x08002ff3   Thumb Code    12  lcd.o(.text)
    LCD_DrawPicture                          0x08002fff   Thumb Code    48  lcd.o(.text)
    LCD_DrawSteam                            0x0800302f   Thumb Code   124  lcd.o(.text)
    LCD_DrawPoint                            0x080030ab   Thumb Code    28  lcd.o(.text)
    __2sprintf                               0x080030d9   Thumb Code    34  noretval__2sprintf.o(.text)
    _printf_pre_padding                      0x08003101   Thumb Code    44  _printf_pad.o(.text)
    _printf_post_padding                     0x0800312d   Thumb Code    34  _printf_pad.o(.text)
    _printf_int_dec                          0x08003151   Thumb Code   104  _printf_dec.o(.text)
    __printf                                 0x080031c9   Thumb Code   308  __printf_flags_wp.o(.text)
    __use_two_region_memory                  0x08003301   Thumb Code     2  heapauxi.o(.text)
    __rt_heap_escrow$2region                 0x08003303   Thumb Code     2  heapauxi.o(.text)
    __rt_heap_expand$2region                 0x08003305   Thumb Code     2  heapauxi.o(.text)
    _printf_int_common                       0x08003307   Thumb Code   178  _printf_intcommon.o(.text)
    __lib_sel_fp_printf                      0x080033b9   Thumb Code     2  _printf_fp_dec.o(.text)
    _printf_fp_dec_real                      0x08003567   Thumb Code   620  _printf_fp_dec.o(.text)
    _printf_char_common                      0x080037df   Thumb Code    32  _printf_char_common.o(.text)
    _sputc                                   0x08003805   Thumb Code    10  _sputc.o(.text)
    __rt_locale                              0x08003811   Thumb Code     8  rt_locale_intlibspace.o(.text)
    _ll_udiv10                               0x08003819   Thumb Code   138  lludiv10.o(.text)
    _printf_fp_infnan                        0x080038a5   Thumb Code   112  _printf_fp_infnan.o(.text)
    _btod_etento                             0x08003925   Thumb Code   216  bigflt0.o(.text)
    __user_libspace                          0x08003a01   Thumb Code     8  libspace.o(.text)
    __user_perproc_libspace                  0x08003a01   Thumb Code     0  libspace.o(.text)
    __user_perthread_libspace                0x08003a01   Thumb Code     0  libspace.o(.text)
    __user_setup_stackheap                   0x08003a09   Thumb Code    74  sys_stackheap_outer.o(.text)
    exit                                     0x08003a53   Thumb Code    18  exit.o(.text)
    strcmp                                   0x08003a65   Thumb Code   128  strcmpv7m.o(.text)
    _sys_exit                                0x08003ae5   Thumb Code     8  sys_exit.o(.text)
    __I$use$semihosting                      0x08003af1   Thumb Code     0  use_no_semi.o(.text)
    __use_no_semihosting_swi                 0x08003af1   Thumb Code     2  use_no_semi.o(.text)
    __semihosting_library_function           0x08003af3   Thumb Code     0  indicate_semi.o(.text)
    _btod_d2e                                0x08003af3   Thumb Code    62  btod.o(CL$$btod_d2e)
    _d2e_denorm_low                          0x08003b31   Thumb Code    70  btod.o(CL$$btod_d2e_denorm_low)
    _d2e_norm_op1                            0x08003b77   Thumb Code    96  btod.o(CL$$btod_d2e_norm_op1)
    __btod_div_common                        0x08003bd7   Thumb Code   696  btod.o(CL$$btod_div_common)
    _e2e                                     0x08003f0f   Thumb Code   198  btod.o(CL$$btod_e2e)
    _btod_ediv                               0x08003fd5   Thumb Code    40  btod.o(CL$$btod_ediv)
    _btod_emul                               0x08003ffd   Thumb Code    40  btod.o(CL$$btod_emul)
    __btod_mult_common                       0x08004025   Thumb Code   580  btod.o(CL$$btod_mult_common)
    __ARM_fpclassify                         0x08004269   Thumb Code    40  fpclassify.o(i.__ARM_fpclassify)
    _is_digit                                0x08004291   Thumb Code    14  __printf_wp.o(i._is_digit)
    _get_lc_numeric                          0x080042a1   Thumb Code    44  lc_numeric_c.o(locale$$code)
    __aeabi_ddiv                             0x080042cd   Thumb Code     0  ddiv.o(x$fpl$ddiv)
    _ddiv                                    0x080042cd   Thumb Code   552  ddiv.o(x$fpl$ddiv)
    __aeabi_d2iz                             0x0800457d   Thumb Code     0  dfix.o(x$fpl$dfix)
    _dfix                                    0x0800457d   Thumb Code    94  dfix.o(x$fpl$dfix)
    __aeabi_ui2d                             0x080045db   Thumb Code     0  dflt_clz.o(x$fpl$dfltu)
    _dfltu                                   0x080045db   Thumb Code    38  dflt_clz.o(x$fpl$dfltu)
    __aeabi_dmul                             0x08004601   Thumb Code     0  dmul.o(x$fpl$dmul)
    _dmul                                    0x08004601   Thumb Code   332  dmul.o(x$fpl$dmul)
    __fpl_dnaninf                            0x08004755   Thumb Code   156  dnaninf.o(x$fpl$dnaninf)
    __fpl_dretinf                            0x080047f1   Thumb Code    12  dretinf.o(x$fpl$dretinf)
    _printf_fp_dec                           0x080047fd   Thumb Code     4  printf1.o(x$fpl$printf1)
    ASCII_Table                              0x08004800   Data        4560  lcd.o(.constdata)
    __I$use$fp                               0x08004800   Number         0  usenofp.o(x$fpl$usenofp)
    Region$$Table$$Base                      0x08005a78   Number         0  anon$$obj.o(Region$$Table)
    Region$$Table$$Limit                     0x08005a98   Number         0  anon$$obj.o(Region$$Table)
    SystemCoreClock                          0x20000000   Data           4  system_stm32f10x.o(.data)
    AHBPrescTable                            0x20000004   Data          16  system_stm32f10x.o(.data)
    TimingDelay                              0x20000018   Data           4  main.o(.data)
    adv                                      0x20000020   Data           8  main.o(.data)
    height                                   0x20000028   Data           2  main.o(.data)
    warring                                  0x2000002a   Data           1  main.o(.data)
    ledstate                                 0x2000002c   Data           2  main.o(.data)
    displaystate                             0x2000002e   Data           1  main.o(.data)
    NVIC_RTC_InitStructure                   0x20000044   Data           4  stm32f10x_it.o(.data)
    ms                                       0x20000048   Data           2  stm32f10x_it.o(.data)
    link                                     0x2000004a   Data           2  stm32f10x_it.o(.data)
    itstate                                  0x2000004c   Data           1  stm32f10x_it.o(.data)
    USARTcount                               0x2000004e   Data           2  stm32f10x_it.o(.data)
    yyyy                                     0x20000050   Data           2  stm32f10x_it.o(.data)
    MM                                       0x20000052   Data           2  stm32f10x_it.o(.data)
    dd                                       0x20000054   Data           2  stm32f10x_it.o(.data)
    hh                                       0x20000056   Data           2  stm32f10x_it.o(.data)
    mm                                       0x20000058   Data           2  stm32f10x_it.o(.data)
    ss                                       0x2000005c   Data           4  stm32f10x_it.o(.data)
    GPIO_InitStructure                       0x20000060   Data           4  init.o(.data)
    NVIC_InitStructure                       0x20000064   Data           4  init.o(.data)
    EXTI_InitStructure                       0x20000068   Data           8  init.o(.data)
    dummy                                    0x20000074   Data           2  lcd.o(.data)
    ch                                       0x20000078   Data          20  main.o(.bss)
    USARTbuff                                0x2000008c   Data          30  stm32f10x_it.o(.bss)
    timedisplaybuff                          0x200000aa   Data          20  stm32f10x_it.o(.bss)
    ADC_InitStructure                        0x200000c0   Data          20  init.o(.bss)
    USART_InitStructure                      0x200000d4   Data          16  init.o(.bss)
    __libspace_start                         0x200000e4   Data          96  libspace.o(.bss)
    __temporary_stack_top$libspace           0x20000144   Data           0  libspace.o(.bss)



==============================================================================

Memory Map of the image

  Image Entry point : 0x080000ed

  Load Region LR_IROM1 (Base: 0x08000000, Size: 0x00005b2c, Max: 0x00010000, ABSOLUTE)

    Execution Region ER_IROM1 (Base: 0x08000000, Size: 0x00005ab4, Max: 0x00010000, ABSOLUTE)

    Base Addr    Size         Type   Attr      Idx    E Section Name        Object

    0x08000000   0x000000ec   Data   RO          116    RESET               startup_stm32f10x_md.o
    0x080000ec   0x00000008   Code   RO          387  * !!!main             c_w.l(__main.o)
    0x080000f4   0x00000034   Code   RO          621    !!!scatter          c_w.l(__scatter.o)
    0x08000128   0x0000001a   Code   RO          623    !!handler_copy      c_w.l(__scatter_copy.o)
    0x08000142   0x00000002   PAD
    0x08000144   0x0000001c   Code   RO          625    !!handler_zi        c_w.l(__scatter_zi.o)
    0x08000160   0x00000000   Code   RO          384    .ARM.Collect$$_printf_percent$$00000000  c_w.l(_printf_percent.o)
    0x08000160   0x00000006   Code   RO          383    .ARM.Collect$$_printf_percent$$00000003  c_w.l(_printf_f.o)
    0x08000166   0x00000006   Code   RO          382    .ARM.Collect$$_printf_percent$$00000009  c_w.l(_printf_d.o)
    0x0800016c   0x00000004   Code   RO          416    .ARM.Collect$$_printf_percent$$00000017  c_w.l(_printf_percent_end.o)
    0x08000170   0x00000002   Code   RO          494    .ARM.Collect$$libinit$$00000000  c_w.l(libinit.o)
    0x08000172   0x00000000   Code   RO          496    .ARM.Collect$$libinit$$00000002  c_w.l(libinit2.o)
    0x08000172   0x00000000   Code   RO          498    .ARM.Collect$$libinit$$00000004  c_w.l(libinit2.o)
    0x08000172   0x00000000   Code   RO          501    .ARM.Collect$$libinit$$0000000A  c_w.l(libinit2.o)
    0x08000172   0x00000000   Code   RO          503    .ARM.Collect$$libinit$$0000000C  c_w.l(libinit2.o)
    0x08000172   0x00000000   Code   RO          505    .ARM.Collect$$libinit$$0000000E  c_w.l(libinit2.o)
    0x08000172   0x00000006   Code   RO          506    .ARM.Collect$$libinit$$0000000F  c_w.l(libinit2.o)
    0x08000178   0x00000000   Code   RO          508    .ARM.Collect$$libinit$$00000011  c_w.l(libinit2.o)
    0x08000178   0x00000000   Code   RO          510    .ARM.Collect$$libinit$$00000013  c_w.l(libinit2.o)
    0x08000178   0x00000000   Code   RO          512    .ARM.Collect$$libinit$$00000015  c_w.l(libinit2.o)
    0x08000178   0x0000000a   Code   RO          513    .ARM.Collect$$libinit$$00000016  c_w.l(libinit2.o)
    0x08000182   0x00000000   Code   RO          514    .ARM.Collect$$libinit$$00000017  c_w.l(libinit2.o)
    0x08000182   0x00000000   Code   RO          516    .ARM.Collect$$libinit$$00000019  c_w.l(libinit2.o)
    0x08000182   0x00000000   Code   RO          518    .ARM.Collect$$libinit$$0000001B  c_w.l(libinit2.o)
    0x08000182   0x00000000   Code   RO          520    .ARM.Collect$$libinit$$0000001D  c_w.l(libinit2.o)
    0x08000182   0x00000000   Code   RO          522    .ARM.Collect$$libinit$$0000001F  c_w.l(libinit2.o)
    0x08000182   0x00000000   Code   RO          524    .ARM.Collect$$libinit$$00000021  c_w.l(libinit2.o)
    0x08000182   0x00000000   Code   RO          526    .ARM.Collect$$libinit$$00000023  c_w.l(libinit2.o)
    0x08000182   0x00000000   Code   RO          528    .ARM.Collect$$libinit$$00000025  c_w.l(libinit2.o)
    0x08000182   0x00000000   Code   RO          532    .ARM.Collect$$libinit$$0000002C  c_w.l(libinit2.o)
    0x08000182   0x00000000   Code   RO          534    .ARM.Collect$$libinit$$0000002E  c_w.l(libinit2.o)
    0x08000182   0x00000000   Code   RO          536    .ARM.Collect$$libinit$$00000030  c_w.l(libinit2.o)
    0x08000182   0x00000000   Code   RO          538    .ARM.Collect$$libinit$$00000032  c_w.l(libinit2.o)
    0x08000182   0x00000002   Code   RO          539    .ARM.Collect$$libinit$$00000033  c_w.l(libinit2.o)
    0x08000184   0x00000002   Code   RO          569    .ARM.Collect$$libshutdown$$00000000  c_w.l(libshutdown.o)
    0x08000186   0x00000000   Code   RO          580    .ARM.Collect$$libshutdown$$00000002  c_w.l(libshutdown2.o)
    0x08000186   0x00000000   Code   RO          582    .ARM.Collect$$libshutdown$$00000004  c_w.l(libshutdown2.o)
    0x08000186   0x00000000   Code   RO          585    .ARM.Collect$$libshutdown$$00000007  c_w.l(libshutdown2.o)
    0x08000186   0x00000000   Code   RO          588    .ARM.Collect$$libshutdown$$0000000A  c_w.l(libshutdown2.o)
    0x08000186   0x00000000   Code   RO          590    .ARM.Collect$$libshutdown$$0000000C  c_w.l(libshutdown2.o)
    0x08000186   0x00000000   Code   RO          593    .ARM.Collect$$libshutdown$$0000000F  c_w.l(libshutdown2.o)
    0x08000186   0x00000002   Code   RO          594    .ARM.Collect$$libshutdown$$00000010  c_w.l(libshutdown2.o)
    0x08000188   0x00000000   Code   RO          407    .ARM.Collect$$rtentry$$00000000  c_w.l(__rtentry.o)
    0x08000188   0x00000000   Code   RO          423    .ARM.Collect$$rtentry$$00000002  c_w.l(__rtentry2.o)
    0x08000188   0x00000006   Code   RO          435    .ARM.Collect$$rtentry$$00000004  c_w.l(__rtentry4.o)
    0x0800018e   0x00000000   Code   RO          425    .ARM.Collect$$rtentry$$00000009  c_w.l(__rtentry2.o)
    0x0800018e   0x00000004   Code   RO          426    .ARM.Collect$$rtentry$$0000000A  c_w.l(__rtentry2.o)
    0x08000192   0x00000000   Code   RO          428    .ARM.Collect$$rtentry$$0000000C  c_w.l(__rtentry2.o)
    0x08000192   0x00000008   Code   RO          429    .ARM.Collect$$rtentry$$0000000D  c_w.l(__rtentry2.o)
    0x0800019a   0x00000002   Code   RO          540    .ARM.Collect$$rtexit$$00000000  c_w.l(rtexit.o)
    0x0800019c   0x00000000   Code   RO          547    .ARM.Collect$$rtexit$$00000002  c_w.l(rtexit2.o)
    0x0800019c   0x00000004   Code   RO          548    .ARM.Collect$$rtexit$$00000003  c_w.l(rtexit2.o)
    0x080001a0   0x00000006   Code   RO          549    .ARM.Collect$$rtexit$$00000004  c_w.l(rtexit2.o)
    0x080001a6   0x00000002   PAD
    0x080001a8   0x000001e0   Code   RO           17    .text               system_stm32f10x.o
    0x08000388   0x00000040   Code   RO          117    .text               startup_stm32f10x_md.o
    0x080003c8   0x000003a4   Code   RO          121    .text               main.o
    0x0800076c   0x00000408   Code   RO          161    .text               stm32f10x_usart.o
    0x08000b74   0x000003a4   Code   RO          173    .text               stm32f10x_rcc.o
    0x08000f18   0x000005ec   Code   RO          187    .text               stm32f10x_it.o
    0x08001504   0x000000dc   Code   RO          207    .text               misc.o
    0x080015e0   0x0000035c   Code   RO          231    .text               stm32f10x_gpio.o
    0x0800193c   0x0000044e   Code   RO          243    .text               stm32f10x_adc.o
    0x08001d8a   0x00000002   PAD
    0x08001d8c   0x00000148   Code   RO          255    .text               stm32f10x_rtc.o
    0x08001ed4   0x000000c4   Code   RO          267    .text               stm32f10x_bkp.o
    0x08001f98   0x000000cc   Code   RO          279    .text               stm32f10x_pwr.o
    0x08002064   0x0000011c   Code   RO          291    .text               stm32f10x_exti.o
    0x08002180   0x00000238   Code   RO          303    .text               init.o
    0x080023b8   0x00000298   Code   RO          319    .text               i2c.o
    0x08002650   0x00000a88   Code   RO          331    .text               lcd.o
    0x080030d8   0x00000028   Code   RO          354    .text               c_w.l(noretval__2sprintf.o)
    0x08003100   0x0000004e   Code   RO          358    .text               c_w.l(_printf_pad.o)
    0x0800314e   0x00000002   PAD
    0x08003150   0x00000078   Code   RO          360    .text               c_w.l(_printf_dec.o)
    0x080031c8   0x00000138   Code   RO          374    .text               c_w.l(__printf_flags_wp.o)
    0x08003300   0x00000006   Code   RO          385    .text               c_w.l(heapauxi.o)
    0x08003306   0x000000b2   Code   RO          408    .text               c_w.l(_printf_intcommon.o)
    0x080033b8   0x0000041a   Code   RO          410    .text               c_w.l(_printf_fp_dec.o)
    0x080037d2   0x00000002   PAD
    0x080037d4   0x00000030   Code   RO          412    .text               c_w.l(_printf_char_common.o)
    0x08003804   0x0000000a   Code   RO          414    .text               c_w.l(_sputc.o)
    0x0800380e   0x00000002   PAD
    0x08003810   0x00000008   Code   RO          440    .text               c_w.l(rt_locale_intlibspace.o)
    0x08003818   0x0000008a   Code   RO          442    .text               c_w.l(lludiv10.o)
    0x080038a2   0x00000002   PAD
    0x080038a4   0x00000080   Code   RO          444    .text               c_w.l(_printf_fp_infnan.o)
    0x08003924   0x000000dc   Code   RO          448    .text               c_w.l(bigflt0.o)
    0x08003a00   0x00000008   Code   RO          480    .text               c_w.l(libspace.o)
    0x08003a08   0x0000004a   Code   RO          483    .text               c_w.l(sys_stackheap_outer.o)
    0x08003a52   0x00000012   Code   RO          485    .text               c_w.l(exit.o)
    0x08003a64   0x00000080   Code   RO          487    .text               c_w.l(strcmpv7m.o)
    0x08003ae4   0x0000000c   Code   RO          559    .text               c_w.l(sys_exit.o)
    0x08003af0   0x00000002   Code   RO          570    .text               c_w.l(use_no_semi.o)
    0x08003af2   0x00000000   Code   RO          572    .text               c_w.l(indicate_semi.o)
    0x08003af2   0x0000003e   Code   RO          451    CL$$btod_d2e        c_w.l(btod.o)
    0x08003b30   0x00000046   Code   RO          453    CL$$btod_d2e_denorm_low  c_w.l(btod.o)
    0x08003b76   0x00000060   Code   RO          452    CL$$btod_d2e_norm_op1  c_w.l(btod.o)
    0x08003bd6   0x00000338   Code   RO          461    CL$$btod_div_common  c_w.l(btod.o)
    0x08003f0e   0x000000c6   Code   RO          458    CL$$btod_e2e        c_w.l(btod.o)
    0x08003fd4   0x00000028   Code   RO          455    CL$$btod_ediv       c_w.l(btod.o)
    0x08003ffc   0x00000028   Code   RO          454    CL$$btod_emul       c_w.l(btod.o)
    0x08004024   0x00000244   Code   RO          460    CL$$btod_mult_common  c_w.l(btod.o)
    0x08004268   0x00000028   Code   RO          478    i.__ARM_fpclassify  m_ws.l(fpclassify.o)
    0x08004290   0x0000000e   Code   RO          372    i._is_digit         c_w.l(__printf_wp.o)
    0x0800429e   0x00000002   PAD
    0x080042a0   0x0000002c   Code   RO          474    locale$$code        c_w.l(lc_numeric_c.o)
    0x080042cc   0x000002b0   Code   RO          390    x$fpl$ddiv          fz_ws.l(ddiv.o)
    0x0800457c   0x0000005e   Code   RO          393    x$fpl$dfix          fz_ws.l(dfix.o)
    0x080045da   0x00000026   Code   RO          397    x$fpl$dfltu         fz_ws.l(dflt_clz.o)
    0x08004600   0x00000154   Code   RO          403    x$fpl$dmul          fz_ws.l(dmul.o)
    0x08004754   0x0000009c   Code   RO          417    x$fpl$dnaninf       fz_ws.l(dnaninf.o)
    0x080047f0   0x0000000c   Code   RO          419    x$fpl$dretinf       fz_ws.l(dretinf.o)
    0x080047fc   0x00000004   Code   RO          405    x$fpl$printf1       fz_ws.l(printf1.o)
    0x08004800   0x00000000   Code   RO          421    x$fpl$usenofp       fz_ws.l(usenofp.o)
    0x08004800   0x000011d0   Data   RO          332    .constdata          lcd.o
    0x080059d0   0x00000011   Data   RO          375    .constdata          c_w.l(__printf_flags_wp.o)
    0x080059e1   0x00000003   PAD
    0x080059e4   0x00000094   Data   RO          449    .constdata          c_w.l(bigflt0.o)
    0x08005a78   0x00000020   Data   RO          619    Region$$Table       anon$$obj.o
    0x08005a98   0x0000001c   Data   RO          473    locale$$data        c_w.l(lc_numeric_c.o)


    Execution Region RW_IRAM1 (Base: 0x20000000, Size: 0x00000748, Max: 0x00005000, ABSOLUTE)

    Base Addr    Size         Type   Attr      Idx    E Section Name        Object

    0x20000000   0x00000014   Data   RW           18    .data               system_stm32f10x.o
    0x20000014   0x00000004   PAD
    0x20000018   0x00000017   Data   RW          123    .data               main.o
    0x2000002f   0x00000014   Data   RW          174    .data               stm32f10x_rcc.o
    0x20000043   0x00000001   PAD
    0x20000044   0x0000001c   Data   RW          189    .data               stm32f10x_it.o
    0x20000060   0x00000010   Data   RW          305    .data               init.o
    0x20000070   0x00000006   Data   RW          333    .data               lcd.o
    0x20000076   0x00000002   PAD
    0x20000078   0x00000014   Zero   RW          122    .bss                main.o
    0x2000008c   0x00000032   Zero   RW          188    .bss                stm32f10x_it.o
    0x200000be   0x00000002   PAD
    0x200000c0   0x00000024   Zero   RW          304    .bss                init.o
    0x200000e4   0x00000060   Zero   RW          481    .bss                c_w.l(libspace.o)
    0x20000144   0x00000004   PAD
    0x20000148   0x00000200   Zero   RW          115    HEAP                startup_stm32f10x_md.o
    0x20000348   0x00000400   Zero   RW          114    STACK               startup_stm32f10x_md.o


==============================================================================

Image component sizes


      Code (inc. data)   RO Data    RW Data    ZI Data      Debug   Object Name

         0          0          0          0          0       4540   core_cm3.o
       664          6          0          0          0       2821   i2c.o
       568         52          0         16         36       1486   init.o
      2696         78       4560          6          0       9144   lcd.o
       932        208          0         23         20      18105   main.o
       220         22          0          0          0       1881   misc.o
        64         26        236          0       1536        888   startup_stm32f10x_md.o
      1102         26          0          0          0      11121   stm32f10x_adc.o
       196          8          0          0          0       3580   stm32f10x_bkp.o
       284         10          0          0          0       2339   stm32f10x_exti.o
       860         38          0          0          0       5813   stm32f10x_gpio.o
      1516        278          0         28         50       4027   stm32f10x_it.o
       204         14          0          0          0       1983   stm32f10x_pwr.o
       932         36          0         20          0       9000   stm32f10x_rcc.o
       328          4          0          0          0       2754   stm32f10x_rtc.o
      1032         22          0          0          0       8540   stm32f10x_usart.o
       480         38          0         20          0     240331   system_stm32f10x.o

    ----------------------------------------------------------------------
     12080        866       4828        120       1644     328353   Object Totals
         0          0         32          0          0          0   (incl. Generated)
         2          0          0          7          2          0   (incl. Padding)

    ----------------------------------------------------------------------

      Code (inc. data)   RO Data    RW Data    ZI Data      Debug   Library Member Name

         8          0          0          0          0         68   __main.o
       312          4         17          0          0         92   __printf_flags_wp.o
        14          0          0          0          0         68   __printf_wp.o
         0          0          0          0          0          0   __rtentry.o
        12          0          0          0          0          0   __rtentry2.o
         6          0          0          0          0          0   __rtentry4.o
        52          8          0          0          0          0   __scatter.o
        26          0          0          0          0          0   __scatter_copy.o
        28          0          0          0          0          0   __scatter_zi.o
        48          6          0          0          0         96   _printf_char_common.o
         6          0          0          0          0          0   _printf_d.o
       120         16          0          0          0         92   _printf_dec.o
         6          0          0          0          0          0   _printf_f.o
      1050          0          0          0          0        216   _printf_fp_dec.o
       128         16          0          0          0         84   _printf_fp_infnan.o
       178          0          0          0          0         88   _printf_intcommon.o
        78          0          0          0          0        108   _printf_pad.o
         0          0          0          0          0          0   _printf_percent.o
         4          0          0          0          0          0   _printf_percent_end.o
        10          0          0          0          0         68   _sputc.o
       220          4        148          0          0         96   bigflt0.o
      1910        128          0          0          0        672   btod.o
        18          0          0          0          0         80   exit.o
         6          0          0          0          0        152   heapauxi.o
         0          0          0          0          0          0   indicate_semi.o
        44         10         28          0          0         76   lc_numeric_c.o
         2          0          0          0          0          0   libinit.o
        18          0          0          0          0          0   libinit2.o
         2          0          0          0          0          0   libshutdown.o
         2          0          0          0          0          0   libshutdown2.o
         8          4          0          0         96         68   libspace.o
       138          0          0          0          0         80   lludiv10.o
        40          6          0          0          0         84   noretval__2sprintf.o
         8          4          0          0          0         68   rt_locale_intlibspace.o
         2          0          0          0          0          0   rtexit.o
        10          0          0          0          0          0   rtexit2.o
       128          0          0          0          0         68   strcmpv7m.o
        12          4          0          0          0         68   sys_exit.o
        74          0          0          0          0         80   sys_stackheap_outer.o
         2          0          0          0          0         68   use_no_semi.o
       688        140          0          0          0        208   ddiv.o
        94          4          0          0          0         92   dfix.o
        38          0          0          0          0         68   dflt_clz.o
       340         12          0          0          0        104   dmul.o
       156          4          0          0          0         92   dnaninf.o
        12          0          0          0          0         68   dretinf.o
         4          0          0          0          0         68   printf1.o
         0          0          0          0          0          0   usenofp.o
        40          0          0          0          0         68   fpclassify.o

    ----------------------------------------------------------------------
      6116        370        196          0        100       3408   Library Totals
        14          0          3          0          4          0   (incl. Padding)

    ----------------------------------------------------------------------

      Code (inc. data)   RO Data    RW Data    ZI Data      Debug   Library Name

      4730        210        193          0         96       2640   c_w.l
      1332        160          0          0          0        700   fz_ws.l
        40          0          0          0          0         68   m_ws.l

    ----------------------------------------------------------------------
      6116        370        196          0        100       3408   Library Totals

    ----------------------------------------------------------------------

==============================================================================


      Code (inc. data)   RO Data    RW Data    ZI Data      Debug   

     18196       1236       5024        120       1744     328013   Grand Totals
     18196       1236       5024        120       1744     328013   ELF Image Totals
     18196       1236       5024        120          0          0   ROM Totals

==============================================================================

    Total RO  Size (Code + RO Data)                23220 (  22.68kB)
    Total RW  Size (RW Data + ZI Data)              1864 (   1.82kB)
    Total ROM Size (Code + RO Data + RW Data)      23340 (  22.79kB)

==============================================================================

